[10ott2025 16:24:22.279] [main/INFO] [net.neoforged.fml.startup.Entrypoint/]: JVM Uptime at startup: 151ms
[10ott2025 16:24:22.289] [main/INFO] [net.neoforged.fml.loading.FMLLoader/]: Starting FancyModLoader version 10.0.14 (CLIENT in DEV)
[10ott2025 16:24:22.289] [main/INFO] [net.neoforged.fml.loading.FMLLoader/]: Game directory: D:\Programmazione\Mod\Exp Ore\NEOFORGE\1.21.10\runs\clientData
[10ott2025 16:24:22.290] [main/DEBUG] [net.neoforged.fml.loading.FMLPaths/CORE]: Path GAMEDIR is D:\Programmazione\Mod\Exp Ore\NEOFORGE\1.21.10\runs\clientData
[10ott2025 16:24:22.290] [main/DEBUG] [net.neoforged.fml.loading.FMLPaths/CORE]: Path JIJ_CACHEDIR is D:\Programmazione\Mod\Exp Ore\NEOFORGE\1.21.10\runs\clientData\.cache\jij
[10ott2025 16:24:22.291] [main/DEBUG] [net.neoforged.fml.loading.FMLPaths/CORE]: Path MODSDIR is D:\Programmazione\Mod\Exp Ore\NEOFORGE\1.21.10\runs\clientData\mods
[10ott2025 16:24:22.291] [main/DEBUG] [net.neoforged.fml.loading.FMLPaths/CORE]: Path CONFIGDIR is D:\Programmazione\Mod\Exp Ore\NEOFORGE\1.21.10\runs\clientData\config
[10ott2025 16:24:22.291] [main/DEBUG] [net.neoforged.fml.loading.FMLPaths/CORE]: Path FMLCONFIG is D:\Programmazione\Mod\Exp Ore\NEOFORGE\1.21.10\runs\clientData\config\fml.toml
[10ott2025 16:24:22.324] [main/INFO] [net.neoforged.fml.loading.EarlyServiceDiscovery/]: Found 0 early service jars (out of 0) in 2ms
[10ott2025 16:24:22.326] [main/INFO] [net.neoforged.fml.loading.ImmediateWindowHandler/]: Not loading early display in headless mode.
[10ott2025 16:24:22.334] [main/DEBUG] [net.neoforged.fml.util.ServiceLoaderUtil/CORE]: Found 4 implementations of IModFileCandidateLocator:
[10ott2025 16:24:22.335] [main/DEBUG] [net.neoforged.fml.util.ServiceLoaderUtil/CORE]: 	    1000 - [built-in] net.neoforged.fml.loading.moddiscovery.locators.GameLocator from C:/Users/rosar/.gradle/caches/modules-2/files-2.1/net.neoforged.fancymodloader/loader/10.0.14/a59c38c4017e3b1f1ba076c7d37aa73081760e30/loader-10.0.14.jar
[10ott2025 16:24:22.335] [main/DEBUG] [net.neoforged.fml.util.ServiceLoaderUtil/CORE]: 	    1000 - [built-in] net.neoforged.fml.loading.moddiscovery.locators.InDevFolderLocator from C:/Users/rosar/.gradle/caches/modules-2/files-2.1/net.neoforged.fancymodloader/loader/10.0.14/a59c38c4017e3b1f1ba076c7d37aa73081760e30/loader-10.0.14.jar
[10ott2025 16:24:22.335] [main/DEBUG] [net.neoforged.fml.util.ServiceLoaderUtil/CORE]: 	    1000 - [built-in] net.neoforged.fml.loading.moddiscovery.locators.InDevJarLocator from C:/Users/rosar/.gradle/caches/modules-2/files-2.1/net.neoforged.fancymodloader/loader/10.0.14/a59c38c4017e3b1f1ba076c7d37aa73081760e30/loader-10.0.14.jar
[10ott2025 16:24:22.336] [main/DEBUG] [net.neoforged.fml.util.ServiceLoaderUtil/CORE]: 	       0 - [built-in] net.neoforged.fml.loading.moddiscovery.locators.ModsFolderLocator from C:/Users/rosar/.gradle/caches/modules-2/files-2.1/net.neoforged.fancymodloader/loader/10.0.14/a59c38c4017e3b1f1ba076c7d37aa73081760e30/loader-10.0.14.jar
[10ott2025 16:24:22.338] [main/DEBUG] [net.neoforged.fml.util.ServiceLoaderUtil/CORE]: Found 2 implementations of IModFileReader:
[10ott2025 16:24:22.338] [main/DEBUG] [net.neoforged.fml.util.ServiceLoaderUtil/CORE]: 	       0 - net.neoforged.fml.loading.moddiscovery.readers.JarModsDotTomlModFileReader from C:/Users/rosar/.gradle/caches/modules-2/files-2.1/net.neoforged.fancymodloader/loader/10.0.14/a59c38c4017e3b1f1ba076c7d37aa73081760e30/loader-10.0.14.jar
[10ott2025 16:24:22.339] [main/DEBUG] [net.neoforged.fml.util.ServiceLoaderUtil/CORE]: 	   -1000 - net.neoforged.fml.loading.moddiscovery.readers.NestedLibraryModReader from C:/Users/rosar/.gradle/caches/modules-2/files-2.1/net.neoforged.fancymodloader/loader/10.0.14/a59c38c4017e3b1f1ba076c7d37aa73081760e30/loader-10.0.14.jar
[10ott2025 16:24:22.340] [main/DEBUG] [net.neoforged.fml.util.ServiceLoaderUtil/CORE]: Found 1 implementations of IDependencyLocator:
[10ott2025 16:24:22.342] [main/DEBUG] [net.neoforged.fml.util.ServiceLoaderUtil/CORE]: 	       0 - net.neoforged.fml.loading.moddiscovery.locators.JarInJarDependencyLocator from C:/Users/rosar/.gradle/caches/modules-2/files-2.1/net.neoforged.fancymodloader/loader/10.0.14/a59c38c4017e3b1f1ba076c7d37aa73081760e30/loader-10.0.14.jar
[10ott2025 16:24:22.370] [main/DEBUG] [net.neoforged.fml.loading.moddiscovery.locators.RequiredSystemFiles/]: Found NeoForge MANIFEST.MF in jar(D:\Programmazione\Mod\Exp Ore\NEOFORGE\1.21.10\.gradle\repositories\ng_dummy_ng\net\neoforged\neoforge\21.10.6-beta\neoforge-21.10.6-beta.jar)
[10ott2025 16:24:22.370] [main/INFO] [net.neoforged.fml.loading.moddiscovery.locators.GameLocator/]: Detected a joined NeoForge and Minecraft configuration. Applying filtering...
[10ott2025 16:24:22.434] [main/DEBUG] [net.neoforged.fml.loading.moddiscovery.ModFileInfo/LOADING]: Found valid mod file client-1.21.10-client-extra.jar with {minecraft} mods - versions {1.21.10}
[10ott2025 16:24:22.441] [main/DEBUG] [net.neoforged.fml.loading.moddiscovery.ModFile/LOADING]: Loading mod file D:\Programmazione\Mod\Exp Ore\NEOFORGE\1.21.10\.gradle\repositories\ng_dummy_ng\net\minecraft\client\1.21.10\client-1.21.10-client-extra.jar with languages [LanguageSpec[languageName=minecraft, acceptedVersions=1]]
[10ott2025 16:24:22.443] [main/DEBUG] [net.neoforged.fml.loading.moddiscovery.ModFileParser/LOADING]: Considering mod file candidate D:\Programmazione\Mod\Exp Ore\NEOFORGE\1.21.10\.gradle\repositories\ng_dummy_ng\net\neoforged\neoforge\21.10.6-beta\neoforge-21.10.6-beta.jar
[10ott2025 16:24:22.447] [main/DEBUG] [net.neoforged.fml.loading.moddiscovery.ModFileInfo/LOADING]: Found valid mod file neoforge-21.10.6-beta.jar with {neoforge} mods - versions {21.10.6-beta}
[10ott2025 16:24:22.447] [main/DEBUG] [net.neoforged.fml.loading.moddiscovery.ModFile/LOADING]: Loading mod file D:\Programmazione\Mod\Exp Ore\NEOFORGE\1.21.10\.gradle\repositories\ng_dummy_ng\net\neoforged\neoforge\21.10.6-beta\neoforge-21.10.6-beta.jar with languages [LanguageSpec[languageName=javafml, acceptedVersions=[3,]]]
[10ott2025 16:24:22.453] [main/DEBUG] [net.neoforged.fml.loading.moddiscovery.ModFile/LOADING]: Found mixin config MixinConfig[config=neoforge.mixins.json, requiredMods=[], behaviorVersion=null]
[10ott2025 16:24:22.454] [main/INFO] [net.neoforged.fml.loading.moddiscovery.locators.InDevFolderLocator/CORE]: Got mod coordinates 1.21.10%%D:\Programmazione\Mod\Exp Ore\NEOFORGE\1.21.10\build\resources\main;1.21.10%%D:\Programmazione\Mod\Exp Ore\NEOFORGE\1.21.10\build\classes\java\main from env
[10ott2025 16:24:22.460] [main/DEBUG] [net.neoforged.fml.loading.moddiscovery.ModFileParser/LOADING]: Considering mod file candidate D:\Programmazione\Mod\Exp Ore\NEOFORGE\1.21.10\build\resources\main
[10ott2025 16:24:22.470] [main/DEBUG] [net.neoforged.fml.loading.moddiscovery.ModFileInfo/LOADING]: Found valid mod file main with {expore} mods - versions {1.21.10-0.1}
[10ott2025 16:24:22.470] [main/DEBUG] [net.neoforged.fml.loading.moddiscovery.ModFile/LOADING]: Loading mod file D:\Programmazione\Mod\Exp Ore\NEOFORGE\1.21.10\build\resources\main with languages [LanguageSpec[languageName=javafml, acceptedVersions=[4,)]]
[10ott2025 16:24:22.472] [main/DEBUG] [net.neoforged.fml.loading.moddiscovery.ModDiscoverer/]: Skipping D:\Programmazione\Mod\Exp Ore\NEOFORGE\1.21.10\.gradle\repositories\ng_dummy_ng\net\neoforged\neoforge\21.10.6-beta\neoforge-21.10.6-beta.jar because it was already located earlier
[10ott2025 16:24:22.497] [main/DEBUG] [net.neoforged.fml.loading.moddiscovery.ModFile/LOADING]: Loading mod file C:\Users\rosar\.gradle\caches\modules-2\files-2.1\io.github.llamalad7\mixinextras-neoforge\0.5.0\d734b83ce6542bb70ea31755c1595b88992dbe65\mixinextras-neoforge-0.5.0.jar with languages []
[10ott2025 16:24:22.581] [main/DEBUG] [net.neoforged.fml.loading.moddiscovery.ModFile/LOADING]: Loading mod file D:\Programmazione\Mod\Exp Ore\NEOFORGE\1.21.10\runs\clientData\.cache\jij\9c617719248f8b89847348fc7ea5e705739c147ae5e172551264d225bc9f2507\mixinextras-neoforge-0.5.0.jar with languages []
[10ott2025 16:24:22.583] [main/DEBUG] [net.neoforged.fml.loading.moddiscovery.ModFile/LOADING]: Loading mod file D:\Programmazione\Mod\Exp Ore\NEOFORGE\1.21.10\runs\clientData\.cache\jij\51629231fe2baaddd60d570ef06ada2b2f1fe8a34133e63afdd748b9ef93f9f1\net.neoforged.neoforge-coremods-21.10.6-beta.jar with languages []
[10ott2025 16:24:22.610] [main/WARN] [net.neoforged.jarjar.selection.JarSelector/]: Attempted to select a dependency jar for JarJar which was passed in as source: library:mixinextras.neoforge. Using Jar[C:\Users\rosar\.gradle\caches\modules-2\files-2.1\io.github.llamalad7\mixinextras-neoforge\0.5.0\d734b83ce6542bb70ea31755c1595b88992dbe65\mixinextras-neoforge-0.5.0.jar]
[10ott2025 16:24:22.612] [main/INFO] [net.neoforged.fml.loading.moddiscovery.locators.JarInJarDependencyLocator/]: Found 1 dependencies adding them to mods collection
[10ott2025 16:24:22.614] [main/INFO] [net.neoforged.fml.loading.moddiscovery.ModDiscoverer/]: 
     Mod List:
		Name Version (Mod Id)

		ExpOre 1.21.10-0.1 (expore)
		Minecraft 1.21.10 (minecraft)
		NeoForge 21.10.6-beta (neoforge)
[10ott2025 16:24:22.617] [main/DEBUG] [net.neoforged.fml.loading.ModSorter/]: Configured system mods: [minecraft, neoforge]
[10ott2025 16:24:22.617] [main/DEBUG] [net.neoforged.fml.loading.ModSorter/]: Found system mod: minecraft
[10ott2025 16:24:22.618] [main/DEBUG] [net.neoforged.fml.loading.ModSorter/]: Found system mod: neoforge
[10ott2025 16:24:22.620] [main/DEBUG] [net.neoforged.fml.loading.ModSorter/LOADING]: Found 2 mod requirements (2 mandatory, 0 optional)
[10ott2025 16:24:22.620] [main/DEBUG] [net.neoforged.fml.loading.ModSorter/LOADING]: Found 0 mod requirements missing (0 mandatory, 0 optional)
[10ott2025 16:24:22.755] [main/INFO] [mixin/]: SpongePowered MIXIN Subsystem Version=0.8.7 Source=file:/C:/Users/rosar/.gradle/caches/modules-2/files-2.1/net.fabricmc/sponge-mixin/0.16.4+mixin.0.8.7/26d01f0567ab46e9ca0d2ed89d0ecc11aadbd433/sponge-mixin-0.16.4+mixin.0.8.7.jar Service=FML Env=CLIENT
[10ott2025 16:24:22.808] [main/DEBUG] [mixin/]: Initialising Mixin Platform Manager
[10ott2025 16:24:22.808] [main/DEBUG] [mixin/]: Adding mixin platform agents for container ContainerHandleVirtual(fml:18c85)
[10ott2025 16:24:22.813] [main/DEBUG] [mixin/]: Instancing new MixinPlatformAgentDefault for ContainerHandleVirtual(fml:18c85)
[10ott2025 16:24:22.814] [main/DEBUG] [mixin/]: MixinPlatformAgentDefault accepted container ContainerHandleVirtual(fml:18c85)
[10ott2025 16:24:22.814] [main/DEBUG] [mixin/]: Instancing new MixinPlatformAgentDefault for ContainerHandleVirtual(fml:18c85)
[10ott2025 16:24:22.815] [main/DEBUG] [mixin/]: MixinPlatformAgentDefault accepted container ContainerHandleVirtual(fml:18c85)
[10ott2025 16:24:22.816] [main/DEBUG] [mixin/]: Processing prepare() for PlatformAgent[MixinPlatformAgentDefault:ContainerHandleVirtual(fml:18c85)]
[10ott2025 16:24:22.816] [main/DEBUG] [mixin/]: Processing prepare() for PlatformAgent[MixinPlatformAgentDefault:ContainerHandleVirtual(fml:18c85)]
[10ott2025 16:24:22.818] [main/INFO] [net.neoforged.fml.loading.FMLLoader/]: Loading FML Plugins:
[10ott2025 16:24:22.818] [main/INFO] [net.neoforged.fml.loading.FMLLoader/]:  - D:/Programmazione/Mod/Exp Ore/NEOFORGE/1.21.10/.gradle/repositories/ng_dummy_ng/net/neoforged/neoforge/21.10.6-beta/neoforge-21.10.6-beta.jar > net.neoforged.neoforge-coremods-21.10.6-beta.jar
[10ott2025 16:24:22.831] [main/DEBUG] [net.neoforged.fml.util.ServiceLoaderUtil/CORE]: Found 2 implementations of IModLanguageLoader:
[10ott2025 16:24:22.832] [main/DEBUG] [net.neoforged.fml.util.ServiceLoaderUtil/CORE]: 	net.neoforged.fml.javafmlmod.FMLJavaModLanguageProvider from C:/Users/rosar/.gradle/caches/modules-2/files-2.1/net.neoforged.fancymodloader/loader/10.0.14/a59c38c4017e3b1f1ba076c7d37aa73081760e30/loader-10.0.14.jar
[10ott2025 16:24:22.832] [main/DEBUG] [net.neoforged.fml.util.ServiceLoaderUtil/CORE]: 	net.neoforged.fml.mclanguageprovider.MinecraftModLanguageProvider from C:/Users/rosar/.gradle/caches/modules-2/files-2.1/net.neoforged.fancymodloader/loader/10.0.14/a59c38c4017e3b1f1ba076c7d37aa73081760e30/loader-10.0.14.jar
[10ott2025 16:24:22.834] [main/DEBUG] [net.neoforged.fml.loading.LanguageProviderLoader/CORE]: Found language provider javafml, version 10.0
[10ott2025 16:24:22.836] [main/DEBUG] [net.neoforged.fml.loading.LanguageProviderLoader/CORE]: Found language provider minecraft, version 10.0
[10ott2025 16:24:22.898] [main/DEBUG] [net.neoforged.fml.util.ServiceLoaderUtil/CORE]: Found 4 implementations of ClassProcessor:
[10ott2025 16:24:22.898] [main/DEBUG] [net.neoforged.fml.util.ServiceLoaderUtil/CORE]: 	[built-in] net.neoforged.fml.common.asm.AccessTransformerService from C:/Users/rosar/.gradle/caches/modules-2/files-2.1/net.neoforged.fancymodloader/loader/10.0.14/a59c38c4017e3b1f1ba076c7d37aa73081760e30/loader-10.0.14.jar
[10ott2025 16:24:22.899] [main/DEBUG] [net.neoforged.fml.util.ServiceLoaderUtil/CORE]: 	[built-in] net.neoforged.fml.common.asm.enumextension.RuntimeEnumExtender from C:/Users/rosar/.gradle/caches/modules-2/files-2.1/net.neoforged.fancymodloader/loader/10.0.14/a59c38c4017e3b1f1ba076c7d37aa73081760e30/loader-10.0.14.jar
[10ott2025 16:24:22.899] [main/DEBUG] [net.neoforged.fml.util.ServiceLoaderUtil/CORE]: 	[built-in] net.neoforged.fml.common.asm.SimpleProcessorsGroup from C:/Users/rosar/.gradle/caches/modules-2/files-2.1/net.neoforged.fancymodloader/loader/10.0.14/a59c38c4017e3b1f1ba076c7d37aa73081760e30/loader-10.0.14.jar
[10ott2025 16:24:22.899] [main/DEBUG] [net.neoforged.fml.util.ServiceLoaderUtil/CORE]: 	[built-in] net.neoforged.fml.loading.mixin.FMLMixinClassProcessor from C:/Users/rosar/.gradle/caches/modules-2/files-2.1/net.neoforged.fancymodloader/loader/10.0.14/a59c38c4017e3b1f1ba076c7d37aa73081760e30/loader-10.0.14.jar
[10ott2025 16:24:22.903] [main/DEBUG] [net.neoforged.fml.util.ServiceLoaderUtil/CORE]: Found 1 implementations of ClassProcessorProvider:
[10ott2025 16:24:22.904] [main/DEBUG] [net.neoforged.fml.util.ServiceLoaderUtil/CORE]: 	net.neoforged.neoforge.coremods.NeoForgeCoreMod from D:/Programmazione/Mod/Exp Ore/NEOFORGE/1.21.10/.gradle/repositories/ng_dummy_ng/net/neoforged/neoforge/21.10.6-beta/neoforge-21.10.6-beta.jar > net.neoforged.neoforge-coremods-21.10.6-beta.jar
[10ott2025 16:24:22.977] [main/DEBUG] [net.neoforged.fml.loading.FMLLoader/]: Masking classpath elements: [C:/Users/rosar/.gradle/caches/modules-2/files-2.1/io.github.llamalad7/mixinextras-neoforge/0.5.0/d734b83ce6542bb70ea31755c1595b88992dbe65/mixinextras-neoforge-0.5.0.jar, D:/Programmazione/Mod/Exp Ore/NEOFORGE/1.21.10/.gradle/repositories/ng_dummy_ng/net/neoforged/neoforge/21.10.6-beta/neoforge-21.10.6-beta.jar, D:/Programmazione/Mod/Exp Ore/NEOFORGE/1.21.10/build/classes/java/main, D:/Programmazione/Mod/Exp Ore/NEOFORGE/1.21.10/.gradle/repositories/ng_dummy_ng/net/minecraft/client/1.21.10/client-1.21.10-client-extra.jar, D:/Programmazione/Mod/Exp Ore/NEOFORGE/1.21.10/build/resources/main]
[10ott2025 16:24:23.066] [main/INFO] [net.neoforged.fml.loading.FMLLoader/]: Building game content classloader:
 - expore (composite(folder(D:\Programmazione\Mod\Exp Ore\NEOFORGE\1.21.10\build\resources\main), folder(D:\Programmazione\Mod\Exp Ore\NEOFORGE\1.21.10\build\classes\java\main)))
 - minecraft (composite(jar(D:\Programmazione\Mod\Exp Ore\NEOFORGE\1.21.10\.gradle\repositories\ng_dummy_ng\net\minecraft\client\1.21.10\client-1.21.10-client-extra.jar), filtered(jar(D:\Programmazione\Mod\Exp Ore\NEOFORGE\1.21.10\.gradle\repositories\ng_dummy_ng\net\neoforged\neoforge\21.10.6-beta\neoforge-21.10.6-beta.jar))))
 - mixinextras.neoforge (jar(C:\Users\rosar\.gradle\caches\modules-2\files-2.1\io.github.llamalad7\mixinextras-neoforge\0.5.0\d734b83ce6542bb70ea31755c1595b88992dbe65\mixinextras-neoforge-0.5.0.jar))
 - neoforge (composite(filtered(jar(D:\Programmazione\Mod\Exp Ore\NEOFORGE\1.21.10\.gradle\repositories\ng_dummy_ng\net\neoforged\neoforge\21.10.6-beta\neoforge-21.10.6-beta.jar))))
 - net.neoforged.fml.generated (empty(VirtualJar\net.neoforged.fml.generated))
[10ott2025 16:24:23.086] [main/INFO] [net.neoforged.fml.loading.FMLLoader/]: Built game content classloader in 108ms
[10ott2025 16:24:23.180] [main/DEBUG] [mixin/]: Processing launch tasks for PlatformAgent[MixinPlatformAgentDefault:ContainerHandleVirtual(fml:18c85)]
[10ott2025 16:24:23.181] [main/DEBUG] [mixin/]: Processing launch tasks for PlatformAgent[MixinPlatformAgentDefault:ContainerHandleVirtual(fml:18c85)]
[10ott2025 16:24:23.181] [main/DEBUG] [mixin/]: Adding agents for Mixin Container Jar[D:\Programmazione\Mod\Exp Ore\NEOFORGE\1.21.10\.gradle\repositories\ng_dummy_ng\net\neoforged\neoforge\21.10.6-beta\neoforge-21.10.6-beta.jar] > Jar[D:\Programmazione\Mod\Exp Ore\NEOFORGE\1.21.10\runs\clientData\.cache\jij\51629231fe2baaddd60d570ef06ada2b2f1fe8a34133e63afdd748b9ef93f9f1\net.neoforged.neoforge-coremods-21.10.6-beta.jar]
[10ott2025 16:24:23.181] [main/DEBUG] [mixin/]: Adding mixin platform agents for container Jar[D:\Programmazione\Mod\Exp Ore\NEOFORGE\1.21.10\.gradle\repositories\ng_dummy_ng\net\neoforged\neoforge\21.10.6-beta\neoforge-21.10.6-beta.jar] > Jar[D:\Programmazione\Mod\Exp Ore\NEOFORGE\1.21.10\runs\clientData\.cache\jij\51629231fe2baaddd60d570ef06ada2b2f1fe8a34133e63afdd748b9ef93f9f1\net.neoforged.neoforge-coremods-21.10.6-beta.jar]
[10ott2025 16:24:23.181] [main/DEBUG] [mixin/]: Instancing new MixinPlatformAgentDefault for Jar[D:\Programmazione\Mod\Exp Ore\NEOFORGE\1.21.10\.gradle\repositories\ng_dummy_ng\net\neoforged\neoforge\21.10.6-beta\neoforge-21.10.6-beta.jar] > Jar[D:\Programmazione\Mod\Exp Ore\NEOFORGE\1.21.10\runs\clientData\.cache\jij\51629231fe2baaddd60d570ef06ada2b2f1fe8a34133e63afdd748b9ef93f9f1\net.neoforged.neoforge-coremods-21.10.6-beta.jar]
[10ott2025 16:24:23.182] [main/DEBUG] [mixin/]: MixinPlatformAgentDefault accepted container Jar[D:\Programmazione\Mod\Exp Ore\NEOFORGE\1.21.10\.gradle\repositories\ng_dummy_ng\net\neoforged\neoforge\21.10.6-beta\neoforge-21.10.6-beta.jar] > Jar[D:\Programmazione\Mod\Exp Ore\NEOFORGE\1.21.10\runs\clientData\.cache\jij\51629231fe2baaddd60d570ef06ada2b2f1fe8a34133e63afdd748b9ef93f9f1\net.neoforged.neoforge-coremods-21.10.6-beta.jar]
[10ott2025 16:24:23.182] [main/DEBUG] [mixin/]: Instancing new MixinPlatformAgentDefault for Jar[D:\Programmazione\Mod\Exp Ore\NEOFORGE\1.21.10\.gradle\repositories\ng_dummy_ng\net\neoforged\neoforge\21.10.6-beta\neoforge-21.10.6-beta.jar] > Jar[D:\Programmazione\Mod\Exp Ore\NEOFORGE\1.21.10\runs\clientData\.cache\jij\51629231fe2baaddd60d570ef06ada2b2f1fe8a34133e63afdd748b9ef93f9f1\net.neoforged.neoforge-coremods-21.10.6-beta.jar]
[10ott2025 16:24:23.182] [main/DEBUG] [mixin/]: MixinPlatformAgentDefault accepted container Jar[D:\Programmazione\Mod\Exp Ore\NEOFORGE\1.21.10\.gradle\repositories\ng_dummy_ng\net\neoforged\neoforge\21.10.6-beta\neoforge-21.10.6-beta.jar] > Jar[D:\Programmazione\Mod\Exp Ore\NEOFORGE\1.21.10\runs\clientData\.cache\jij\51629231fe2baaddd60d570ef06ada2b2f1fe8a34133e63afdd748b9ef93f9f1\net.neoforged.neoforge-coremods-21.10.6-beta.jar]
[10ott2025 16:24:23.182] [main/DEBUG] [mixin/]: Processing prepare() for PlatformAgent[MixinPlatformAgentDefault:Jar[D:\Programmazione\Mod\Exp Ore\NEOFORGE\1.21.10\.gradle\repositories\ng_dummy_ng\net\neoforged\neoforge\21.10.6-beta\neoforge-21.10.6-beta.jar] > Jar[D:\Programmazione\Mod\Exp Ore\NEOFORGE\1.21.10\runs\clientData\.cache\jij\51629231fe2baaddd60d570ef06ada2b2f1fe8a34133e63afdd748b9ef93f9f1\net.neoforged.neoforge-coremods-21.10.6-beta.jar]]
[10ott2025 16:24:23.182] [main/DEBUG] [mixin/]: Processing prepare() for PlatformAgent[MixinPlatformAgentDefault:Jar[D:\Programmazione\Mod\Exp Ore\NEOFORGE\1.21.10\.gradle\repositories\ng_dummy_ng\net\neoforged\neoforge\21.10.6-beta\neoforge-21.10.6-beta.jar] > Jar[D:\Programmazione\Mod\Exp Ore\NEOFORGE\1.21.10\runs\clientData\.cache\jij\51629231fe2baaddd60d570ef06ada2b2f1fe8a34133e63afdd748b9ef93f9f1\net.neoforged.neoforge-coremods-21.10.6-beta.jar]]
[10ott2025 16:24:23.182] [main/DEBUG] [mixin/]: Adding agents for Mixin Container Jar[C:\Users\rosar\.gradle\caches\modules-2\files-2.1\io.github.llamalad7\mixinextras-neoforge\0.5.0\d734b83ce6542bb70ea31755c1595b88992dbe65\mixinextras-neoforge-0.5.0.jar]
[10ott2025 16:24:23.182] [main/DEBUG] [mixin/]: Adding mixin platform agents for container Jar[C:\Users\rosar\.gradle\caches\modules-2\files-2.1\io.github.llamalad7\mixinextras-neoforge\0.5.0\d734b83ce6542bb70ea31755c1595b88992dbe65\mixinextras-neoforge-0.5.0.jar]
[10ott2025 16:24:23.182] [main/DEBUG] [mixin/]: Instancing new MixinPlatformAgentDefault for Jar[C:\Users\rosar\.gradle\caches\modules-2\files-2.1\io.github.llamalad7\mixinextras-neoforge\0.5.0\d734b83ce6542bb70ea31755c1595b88992dbe65\mixinextras-neoforge-0.5.0.jar]
[10ott2025 16:24:23.182] [main/DEBUG] [mixin/]: MixinPlatformAgentDefault accepted container Jar[C:\Users\rosar\.gradle\caches\modules-2\files-2.1\io.github.llamalad7\mixinextras-neoforge\0.5.0\d734b83ce6542bb70ea31755c1595b88992dbe65\mixinextras-neoforge-0.5.0.jar]
[10ott2025 16:24:23.182] [main/DEBUG] [mixin/]: Instancing new MixinPlatformAgentDefault for Jar[C:\Users\rosar\.gradle\caches\modules-2\files-2.1\io.github.llamalad7\mixinextras-neoforge\0.5.0\d734b83ce6542bb70ea31755c1595b88992dbe65\mixinextras-neoforge-0.5.0.jar]
[10ott2025 16:24:23.182] [main/DEBUG] [mixin/]: MixinPlatformAgentDefault accepted container Jar[C:\Users\rosar\.gradle\caches\modules-2\files-2.1\io.github.llamalad7\mixinextras-neoforge\0.5.0\d734b83ce6542bb70ea31755c1595b88992dbe65\mixinextras-neoforge-0.5.0.jar]
[10ott2025 16:24:23.182] [main/DEBUG] [mixin/]: Processing prepare() for PlatformAgent[MixinPlatformAgentDefault:Jar[C:\Users\rosar\.gradle\caches\modules-2\files-2.1\io.github.llamalad7\mixinextras-neoforge\0.5.0\d734b83ce6542bb70ea31755c1595b88992dbe65\mixinextras-neoforge-0.5.0.jar]]
[10ott2025 16:24:23.182] [main/DEBUG] [mixin/]: Registering mixin config: mixinextras.init.mixins.json source=Jar[C:\Users\rosar\.gradle\caches\modules-2\files-2.1\io.github.llamalad7\mixinextras-neoforge\0.5.0\d734b83ce6542bb70ea31755c1595b88992dbe65\mixinextras-neoforge-0.5.0.jar]
[10ott2025 16:24:23.186] [main/DEBUG] [mixin/]: Processing prepare() for PlatformAgent[MixinPlatformAgentDefault:Jar[C:\Users\rosar\.gradle\caches\modules-2\files-2.1\io.github.llamalad7\mixinextras-neoforge\0.5.0\d734b83ce6542bb70ea31755c1595b88992dbe65\mixinextras-neoforge-0.5.0.jar]]
[10ott2025 16:24:23.187] [main/DEBUG] [mixin/]: Registering mixin config: mixinextras.init.mixins.json source=Jar[C:\Users\rosar\.gradle\caches\modules-2\files-2.1\io.github.llamalad7\mixinextras-neoforge\0.5.0\d734b83ce6542bb70ea31755c1595b88992dbe65\mixinextras-neoforge-0.5.0.jar]
[10ott2025 16:24:23.187] [main/DEBUG] [mixin/]: inject() running with 3 agents
[10ott2025 16:24:23.187] [main/DEBUG] [mixin/]: Processing inject() for PlatformAgent[MixinPlatformAgentDefault:ContainerHandleVirtual(fml:18c85)]
[10ott2025 16:24:23.187] [main/DEBUG] [mixin/]: Processing inject() for PlatformAgent[MixinPlatformAgentDefault:ContainerHandleVirtual(fml:18c85)]
[10ott2025 16:24:23.188] [main/DEBUG] [mixin/]: Processing inject() for PlatformAgent[MixinPlatformAgentDefault:Jar[D:\Programmazione\Mod\Exp Ore\NEOFORGE\1.21.10\.gradle\repositories\ng_dummy_ng\net\neoforged\neoforge\21.10.6-beta\neoforge-21.10.6-beta.jar] > Jar[D:\Programmazione\Mod\Exp Ore\NEOFORGE\1.21.10\runs\clientData\.cache\jij\51629231fe2baaddd60d570ef06ada2b2f1fe8a34133e63afdd748b9ef93f9f1\net.neoforged.neoforge-coremods-21.10.6-beta.jar]]
[10ott2025 16:24:23.188] [main/DEBUG] [mixin/]: Processing inject() for PlatformAgent[MixinPlatformAgentDefault:Jar[D:\Programmazione\Mod\Exp Ore\NEOFORGE\1.21.10\.gradle\repositories\ng_dummy_ng\net\neoforged\neoforge\21.10.6-beta\neoforge-21.10.6-beta.jar] > Jar[D:\Programmazione\Mod\Exp Ore\NEOFORGE\1.21.10\runs\clientData\.cache\jij\51629231fe2baaddd60d570ef06ada2b2f1fe8a34133e63afdd748b9ef93f9f1\net.neoforged.neoforge-coremods-21.10.6-beta.jar]]
[10ott2025 16:24:23.188] [main/DEBUG] [mixin/]: Processing inject() for PlatformAgent[MixinPlatformAgentDefault:Jar[C:\Users\rosar\.gradle\caches\modules-2\files-2.1\io.github.llamalad7\mixinextras-neoforge\0.5.0\d734b83ce6542bb70ea31755c1595b88992dbe65\mixinextras-neoforge-0.5.0.jar]]
[10ott2025 16:24:23.188] [main/DEBUG] [mixin/]: Processing inject() for PlatformAgent[MixinPlatformAgentDefault:Jar[C:\Users\rosar\.gradle\caches\modules-2\files-2.1\io.github.llamalad7\mixinextras-neoforge\0.5.0\d734b83ce6542bb70ea31755c1595b88992dbe65\mixinextras-neoforge-0.5.0.jar]]
[10ott2025 16:24:23.194] [main/DEBUG] [mixin/]: Preparing mixins for MixinEnvironment[DEFAULT]
[10ott2025 16:24:23.196] [main/DEBUG] [mixin/]: Selecting config neoforge.mixins.json
[10ott2025 16:24:23.204] [main/DEBUG] [mixin/]: Selecting config mixinextras.init.mixins.json
[10ott2025 16:24:23.252] [main/DEBUG] [MixinExtras|Service/]: com.llamalad7.mixinextras.service.MixinExtrasServiceImpl(version=0.5.0) is taking over from null
[10ott2025 16:24:23.272] [main/DEBUG] [mixin/]: Registering new injector for @Inject with org.spongepowered.asm.mixin.injection.struct.CallbackInjectionInfo
[10ott2025 16:24:23.273] [main/DEBUG] [mixin/]: Registering new injector for @ModifyArg with org.spongepowered.asm.mixin.injection.struct.ModifyArgInjectionInfo
[10ott2025 16:24:23.275] [main/DEBUG] [mixin/]: Registering new injector for @ModifyArgs with org.spongepowered.asm.mixin.injection.struct.ModifyArgsInjectionInfo
[10ott2025 16:24:23.276] [main/DEBUG] [mixin/]: Registering new injector for @Redirect with org.spongepowered.asm.mixin.injection.struct.RedirectInjectionInfo
[10ott2025 16:24:23.277] [main/DEBUG] [mixin/]: Registering new injector for @ModifyVariable with org.spongepowered.asm.mixin.injection.struct.ModifyVariableInjectionInfo
[10ott2025 16:24:23.278] [main/DEBUG] [mixin/]: Registering new injector for @ModifyConstant with org.spongepowered.asm.mixin.injection.struct.ModifyConstantInjectionInfo
[10ott2025 16:24:23.286] [main/DEBUG] [mixin/]: Preparing neoforge.mixins.json (2)
[10ott2025 16:24:23.333] [main/DEBUG] [mixin/]: Preparing mixinextras.init.mixins.json (0)
[10ott2025 16:24:23.341] [main/DEBUG] [io.netty.util.internal.logging.InternalLoggerFactory/]: Using SLF4J as the default logging framework
[10ott2025 16:24:23.343] [main/DEBUG] [io.netty.util.ResourceLeakDetector/]: -Dio.netty.leakDetection.level: simple
[10ott2025 16:24:23.343] [main/DEBUG] [io.netty.util.ResourceLeakDetector/]: -Dio.netty.leakDetection.targetRecords: 4
[10ott2025 16:24:23.466] [main/INFO] [MixinExtras|Service/]: Initializing MixinExtras via com.llamalad7.mixinextras.service.MixinExtrasServiceImpl(version=0.5.0).
[10ott2025 16:24:23.468] [main/DEBUG] [mixin/]: Registering new injector for @SugarWrapper with com.llamalad7.mixinextras.sugar.impl.SugarWrapperInjectionInfo
[10ott2025 16:24:23.468] [main/DEBUG] [mixin/]: Registering new injector for @FactoryRedirectWrapper with com.llamalad7.mixinextras.wrapper.factory.FactoryRedirectWrapperInjectionInfo
[10ott2025 16:24:23.469] [main/DEBUG] [mixin/]: Registering new injector for @ExpressionInjectorWrapper with com.llamalad7.mixinextras.expression.impl.wrapper.ExpressionInjectorWrapperInjectionInfo
[10ott2025 16:24:23.480] [main/DEBUG] [mixin/]: Mixing MappedRegistryAccessor from neoforge.mixins.json into net.minecraft.core.MappedRegistry
[10ott2025 16:24:24.404] [main/DEBUG] [mixin/]: Mixing BlockEntityTypeAccessor from neoforge.mixins.json into net.minecraft.world.level.block.entity.BlockEntityType
[10ott2025 16:24:25.734] [main/DEBUG] [io.netty.util.internal.PlatformDependent0/]: -Dio.netty.noUnsafe: false
[10ott2025 16:24:25.734] [main/DEBUG] [io.netty.util.internal.PlatformDependent0/]: Java version: 21
[10ott2025 16:24:25.735] [main/DEBUG] [io.netty.util.internal.PlatformDependent0/]: sun.misc.Unsafe.theUnsafe: available
[10ott2025 16:24:25.735] [main/DEBUG] [io.netty.util.internal.PlatformDependent0/]: sun.misc.Unsafe base methods: all available
[10ott2025 16:24:25.736] [main/DEBUG] [io.netty.util.internal.PlatformDependent0/]: sun.misc.Unsafe.storeFence: available
[10ott2025 16:24:25.736] [main/DEBUG] [io.netty.util.internal.PlatformDependent0/]: java.nio.Buffer.address: available
[10ott2025 16:24:25.738] [main/DEBUG] [io.netty.util.internal.PlatformDependent0/]: java.nio.Bits.unaligned: available, true
[10ott2025 16:24:25.739] [main/DEBUG] [io.netty.util.internal.PlatformDependent0/]: java.nio.DirectByteBuffer.<init>(long, {int,long}): unavailable
[10ott2025 16:24:25.739] [main/DEBUG] [io.netty.util.internal.PlatformDependent/]: sun.misc.Unsafe: available
[10ott2025 16:24:25.740] [main/DEBUG] [io.netty.util.internal.PlatformDependent/]: -Dio.netty.tmpdir: C:\Users\rosar\AppData\Local\Temp (java.io.tmpdir)
[10ott2025 16:24:25.740] [main/DEBUG] [io.netty.util.internal.PlatformDependent/]: -Dio.netty.bitMode: 64 (sun.arch.data.model)
[10ott2025 16:24:25.740] [main/DEBUG] [io.netty.util.internal.PlatformDependent/]: Platform: Windows
[10ott2025 16:24:25.741] [main/DEBUG] [io.netty.util.internal.PlatformDependent/]: -Dio.netty.maxDirectMemory: -1 bytes
[10ott2025 16:24:25.741] [main/DEBUG] [io.netty.util.internal.PlatformDependent/]: -Dio.netty.uninitializedArrayAllocationThreshold: -1
[10ott2025 16:24:25.742] [main/DEBUG] [io.netty.util.internal.CleanerJava9/]: java.nio.ByteBuffer.cleaner(): available
[10ott2025 16:24:25.742] [main/DEBUG] [io.netty.util.internal.PlatformDependent/]: -Dio.netty.noPreferDirect: false
[10ott2025 16:24:27.773] [main/INFO] [net.neoforged.neoforge.data.loading.DatagenModLoader/]: Initializing Data Gatherer for mods [expore]
[10ott2025 16:24:27.775] [main/DEBUG] [net.neoforged.fml.ModWorkManager/LOADING]: Using 16 threads for parallel mod-loading
[10ott2025 16:24:27.781] [main/DEBUG] [net.neoforged.fml.javafmlmod.FMLModContainer/LOADING]: Creating FMLModContainer instance for expore with entrypoints [com.blocklegend001.expore.ExpOre]
[10ott2025 16:24:27.788] [main/DEBUG] [net.neoforged.fml.javafmlmod.FMLModContainer/LOADING]: Creating FMLModContainer instance for neoforge with entrypoints [net.neoforged.neoforge.common.NeoForgeMod, net.neoforged.neoforge.common.OnlyInWarningsHandler, net.neoforged.neoforge.client.ClientNeoForgeMod]
[10ott2025 16:24:27.806] [modloading-worker-0/DEBUG] [net.neoforged.fml.javafmlmod.AutomaticEventSubscriber/LOADING]: Attempting to inject @EventBusSubscriber classes into the eventbus for expore
[10ott2025 16:24:27.806] [modloading-worker-0/DEBUG] [net.neoforged.neoforge.internal.versions.neoforge.NeoForgeVersion/CORE]: Found NeoForge version 21.10.6-beta
[10ott2025 16:24:27.806] [modloading-worker-0/DEBUG] [net.neoforged.fml.javafmlmod.AutomaticEventSubscriber/LOADING]: Scanning class com.blocklegend001.expore.datagen.DataGenerators for @SubscribeEvent-annotated methods
[10ott2025 16:24:27.807] [modloading-worker-0/INFO] [net.neoforged.neoforge.common.NeoForgeMod/NEOFORGE-MOD]: NeoForge mod loading, version 21.10.6-beta, for MC 1.21.10
[10ott2025 16:24:27.808] [modloading-worker-0/DEBUG] [net.neoforged.fml.javafmlmod.AutomaticEventSubscriber/LOADING]: Subscribing method public static void com.blocklegend001.expore.datagen.DataGenerators.gatherDara(net.neoforged.neoforge.data.event.GatherDataEvent$Client) to the event bus of mod expore
[10ott2025 16:24:27.821] [modloading-worker-0/DEBUG] [net.neoforged.fml.config.ConfigTracker/CONFIG]: Config file neoforge-server.toml for neoforge tracking
[10ott2025 16:24:27.823] [modloading-worker-0/DEBUG] [net.neoforged.fml.config.ConfigTracker/CONFIG]: Config file neoforge-common.toml for neoforge tracking
[10ott2025 16:24:27.866] [modloading-worker-0/DEBUG] [net.neoforged.fml.config.ConfigTracker/CONFIG]: Config file neoforge-client.toml for neoforge tracking
[10ott2025 16:24:27.883] [modloading-worker-0/DEBUG] [net.neoforged.fml.javafmlmod.AutomaticEventSubscriber/LOADING]: Attempting to inject @EventBusSubscriber classes into the eventbus for neoforge
[10ott2025 16:24:27.884] [modloading-worker-0/DEBUG] [net.neoforged.fml.javafmlmod.AutomaticEventSubscriber/LOADING]: Scanning class net.neoforged.neoforge.attachment.AttachmentInternals for @SubscribeEvent-annotated methods
[10ott2025 16:24:27.885] [modloading-worker-0/DEBUG] [net.neoforged.fml.javafmlmod.AutomaticEventSubscriber/LOADING]: Subscribing method public static void net.neoforged.neoforge.attachment.AttachmentInternals.onLivingConvert(net.neoforged.neoforge.event.entity.living.LivingConversionEvent$Post) to the game event bus
[10ott2025 16:24:27.886] [modloading-worker-0/DEBUG] [net.neoforged.fml.javafmlmod.AutomaticEventSubscriber/LOADING]: Subscribing method public static void net.neoforged.neoforge.attachment.AttachmentInternals.onPlayerClone(net.neoforged.neoforge.event.entity.player.PlayerEvent$Clone) to the game event bus
[10ott2025 16:24:27.887] [modloading-worker-0/DEBUG] [net.neoforged.fml.javafmlmod.AutomaticEventSubscriber/LOADING]: Scanning class net.neoforged.neoforge.attachment.AttachmentSync for @SubscribeEvent-annotated methods
[10ott2025 16:24:27.890] [modloading-worker-0/DEBUG] [net.neoforged.fml.javafmlmod.AutomaticEventSubscriber/LOADING]: Subscribing method public static void net.neoforged.neoforge.attachment.AttachmentSync.onChunkSent(net.neoforged.neoforge.event.level.ChunkWatchEvent$Sent) to the game event bus
[10ott2025 16:24:27.890] [modloading-worker-0/DEBUG] [net.neoforged.fml.javafmlmod.AutomaticEventSubscriber/LOADING]: Scanning class net.neoforged.neoforge.client.BlockEntityRenderBoundsDebugRenderer for @SubscribeEvent-annotated methods
[10ott2025 16:24:27.894] [modloading-worker-0/DEBUG] [net.neoforged.fml.javafmlmod.AutomaticEventSubscriber/LOADING]: Subscribing method public static void net.neoforged.neoforge.client.BlockEntityRenderBoundsDebugRenderer.onExtractLevelRenderState(net.neoforged.neoforge.client.event.ExtractLevelRenderStateEvent) to the game event bus
[10ott2025 16:24:27.894] [modloading-worker-0/DEBUG] [net.neoforged.fml.javafmlmod.AutomaticEventSubscriber/LOADING]: Subscribing method public static void net.neoforged.neoforge.client.BlockEntityRenderBoundsDebugRenderer.onRegisterClientCommands(net.neoforged.neoforge.client.event.RegisterClientCommandsEvent) to the game event bus
[10ott2025 16:24:27.894] [modloading-worker-0/DEBUG] [net.neoforged.fml.javafmlmod.AutomaticEventSubscriber/LOADING]: Subscribing method public static void net.neoforged.neoforge.client.BlockEntityRenderBoundsDebugRenderer.onRenderLevelStage(net.neoforged.neoforge.client.event.RenderLevelStageEvent$AfterEntities) to the game event bus
[10ott2025 16:24:27.894] [modloading-worker-0/DEBUG] [net.neoforged.fml.javafmlmod.AutomaticEventSubscriber/LOADING]: Scanning class net.neoforged.neoforge.client.NeoForgeRenderPipelines for @SubscribeEvent-annotated methods
[10ott2025 16:24:27.906] [modloading-worker-0/DEBUG] [net.neoforged.fml.javafmlmod.AutomaticEventSubscriber/LOADING]: Subscribing method static void net.neoforged.neoforge.client.NeoForgeRenderPipelines.registerPipelines(net.neoforged.neoforge.client.event.RegisterRenderPipelinesEvent) to the event bus of mod neoforge
[10ott2025 16:24:27.907] [modloading-worker-0/DEBUG] [net.neoforged.fml.javafmlmod.AutomaticEventSubscriber/LOADING]: Scanning class net.neoforged.neoforge.client.network.ClientPayloadHandler for @SubscribeEvent-annotated methods
[10ott2025 16:24:27.914] [modloading-worker-0/DEBUG] [net.neoforged.fml.javafmlmod.AutomaticEventSubscriber/LOADING]: Subscribing method private static void net.neoforged.neoforge.client.network.ClientPayloadHandler.register(net.neoforged.neoforge.client.network.event.RegisterClientPayloadHandlersEvent) to the event bus of mod neoforge
[10ott2025 16:24:27.916] [modloading-worker-0/DEBUG] [net.neoforged.fml.javafmlmod.AutomaticEventSubscriber/LOADING]: Scanning class net.neoforged.neoforge.common.MonsterRoomHooks for @SubscribeEvent-annotated methods
[10ott2025 16:24:27.916] [modloading-worker-0/DEBUG] [net.neoforged.fml.javafmlmod.AutomaticEventSubscriber/LOADING]: Subscribing method public static void net.neoforged.neoforge.common.MonsterRoomHooks.onDataMapsUpdated(net.neoforged.neoforge.registries.datamaps.DataMapsUpdatedEvent) to the game event bus
[10ott2025 16:24:27.917] [modloading-worker-0/DEBUG] [net.neoforged.fml.javafmlmod.AutomaticEventSubscriber/LOADING]: Scanning class net.neoforged.neoforge.model.data.ModelDataManager for @SubscribeEvent-annotated methods
[10ott2025 16:24:27.918] [modloading-worker-0/DEBUG] [net.neoforged.fml.javafmlmod.AutomaticEventSubscriber/LOADING]: Subscribing method public static void net.neoforged.neoforge.model.data.ModelDataManager.onChunkUnload(net.neoforged.neoforge.event.level.ChunkEvent$Unload) to the game event bus
[10ott2025 16:24:27.918] [modloading-worker-0/DEBUG] [net.neoforged.fml.javafmlmod.AutomaticEventSubscriber/LOADING]: Scanning class net.neoforged.neoforge.network.ConfigurationInitialization for @SubscribeEvent-annotated methods
[10ott2025 16:24:27.920] [modloading-worker-0/DEBUG] [net.neoforged.fml.javafmlmod.AutomaticEventSubscriber/LOADING]: Subscribing method private static void net.neoforged.neoforge.network.ConfigurationInitialization.configureModdedClient(net.neoforged.neoforge.network.event.RegisterConfigurationTasksEvent) to the event bus of mod neoforge
[10ott2025 16:24:27.920] [modloading-worker-0/DEBUG] [net.neoforged.fml.javafmlmod.AutomaticEventSubscriber/LOADING]: Scanning class net.neoforged.neoforge.network.NetworkInitialization for @SubscribeEvent-annotated methods
[10ott2025 16:24:27.922] [modloading-worker-0/DEBUG] [net.neoforged.fml.javafmlmod.AutomaticEventSubscriber/LOADING]: Subscribing method private static void net.neoforged.neoforge.network.NetworkInitialization.register(net.neoforged.neoforge.network.event.RegisterPayloadHandlersEvent) to the event bus of mod neoforge
[10ott2025 16:24:27.922] [modloading-worker-0/DEBUG] [net.neoforged.fml.javafmlmod.AutomaticEventSubscriber/LOADING]: Scanning class net.neoforged.neoforge.network.filters.GenericPacketSplitter for @SubscribeEvent-annotated methods
[10ott2025 16:24:27.938] [modloading-worker-0/DEBUG] [io.netty.buffer.AbstractByteBuf/]: -Dio.netty.buffer.checkAccessible: true
[10ott2025 16:24:27.939] [modloading-worker-0/DEBUG] [io.netty.buffer.AbstractByteBuf/]: -Dio.netty.buffer.checkBounds: true
[10ott2025 16:24:27.939] [modloading-worker-0/DEBUG] [io.netty.util.ResourceLeakDetectorFactory/]: Loaded default ResourceLeakDetector: io.netty.util.ResourceLeakDetector@1e652fd1
[10ott2025 16:24:27.945] [modloading-worker-0/DEBUG] [io.netty.util.internal.InternalThreadLocalMap/]: -Dio.netty.threadLocalMap.stringBuilder.initialSize: 1024
[10ott2025 16:24:27.946] [modloading-worker-0/DEBUG] [io.netty.util.internal.InternalThreadLocalMap/]: -Dio.netty.threadLocalMap.stringBuilder.maxSize: 4096
[10ott2025 16:24:27.947] [modloading-worker-0/DEBUG] [io.netty.buffer.PooledByteBufAllocator/]: -Dio.netty.allocator.numHeapArenas: 32
[10ott2025 16:24:27.948] [modloading-worker-0/DEBUG] [io.netty.buffer.PooledByteBufAllocator/]: -Dio.netty.allocator.numDirectArenas: 32
[10ott2025 16:24:27.948] [modloading-worker-0/DEBUG] [io.netty.buffer.PooledByteBufAllocator/]: -Dio.netty.allocator.pageSize: 8192
[10ott2025 16:24:27.948] [modloading-worker-0/DEBUG] [io.netty.buffer.PooledByteBufAllocator/]: -Dio.netty.allocator.maxOrder: 9
[10ott2025 16:24:27.948] [modloading-worker-0/DEBUG] [io.netty.buffer.PooledByteBufAllocator/]: -Dio.netty.allocator.chunkSize: 4194304
[10ott2025 16:24:27.948] [modloading-worker-0/DEBUG] [io.netty.buffer.PooledByteBufAllocator/]: -Dio.netty.allocator.smallCacheSize: 256
[10ott2025 16:24:27.948] [modloading-worker-0/DEBUG] [io.netty.buffer.PooledByteBufAllocator/]: -Dio.netty.allocator.normalCacheSize: 64
[10ott2025 16:24:27.948] [modloading-worker-0/DEBUG] [io.netty.buffer.PooledByteBufAllocator/]: -Dio.netty.allocator.maxCachedBufferCapacity: 32768
[10ott2025 16:24:27.948] [modloading-worker-0/DEBUG] [io.netty.buffer.PooledByteBufAllocator/]: -Dio.netty.allocator.cacheTrimInterval: 8192
[10ott2025 16:24:27.948] [modloading-worker-0/DEBUG] [io.netty.buffer.PooledByteBufAllocator/]: -Dio.netty.allocator.cacheTrimIntervalMillis: 0
[10ott2025 16:24:27.948] [modloading-worker-0/DEBUG] [io.netty.buffer.PooledByteBufAllocator/]: -Dio.netty.allocator.useCacheForAllThreads: false
[10ott2025 16:24:27.948] [modloading-worker-0/DEBUG] [io.netty.buffer.PooledByteBufAllocator/]: -Dio.netty.allocator.maxCachedByteBuffersPerChunk: 1023
[10ott2025 16:24:27.948] [modloading-worker-0/DEBUG] [io.netty.buffer.PooledByteBufAllocator/]: -Dio.netty.allocator.disableCacheFinalizersForFastThreadLocalThreads: false
[10ott2025 16:24:27.955] [modloading-worker-0/DEBUG] [io.netty.buffer.ByteBufUtil/]: -Dio.netty.allocator.type: pooled
[10ott2025 16:24:27.955] [modloading-worker-0/DEBUG] [io.netty.buffer.ByteBufUtil/]: -Dio.netty.threadLocalDirectBufferSize: 0
[10ott2025 16:24:27.955] [modloading-worker-0/DEBUG] [io.netty.buffer.ByteBufUtil/]: -Dio.netty.maxThreadLocalCharBufferSize: 16384
[10ott2025 16:24:27.959] [modloading-worker-0/DEBUG] [net.neoforged.fml.javafmlmod.AutomaticEventSubscriber/LOADING]: Subscribing method private static void net.neoforged.neoforge.network.filters.GenericPacketSplitter.register(net.neoforged.neoforge.network.event.RegisterPayloadHandlersEvent) to the event bus of mod neoforge
[10ott2025 16:24:28.645] [main/INFO] [net.minecraft.data.DataGenerator/]: Starting provider: Tags for minecraft:block mod id expore
[10ott2025 16:24:28.664] [main/INFO] [net.minecraft.data.DataGenerator/]: Tags for minecraft:block mod id expore finished after 17 ms
[10ott2025 16:24:28.664] [main/INFO] [net.minecraft.data.DataGenerator/]: Starting provider: Registries
[10ott2025 16:24:28.669] [main/INFO] [net.minecraft.data.DataGenerator/]: Registries finished after 4 ms
[10ott2025 16:24:28.669] [main/INFO] [net.minecraft.data.DataGenerator/]: Starting provider: Loot Tables
[10ott2025 16:24:28.695] [main/INFO] [net.minecraft.data.DataGenerator/]: Loot Tables finished after 25 ms
[10ott2025 16:24:28.695] [main/INFO] [net.minecraft.data.DataGenerator/]: Starting provider: Model Definitions - expore
[10ott2025 16:24:28.752] [main/INFO] [net.minecraft.data.DataGenerator/]: Model Definitions - expore finished after 57 ms
[10ott2025 16:24:28.753] [main/INFO] [net.minecraft.data.DataGenerator/]: All providers took: 107 ms
[10ott2025 16:24:28.762] [main/INFO] [net.minecraft.data.HashCache/]: Caching: total files: 28, old count: 28, new count: 29, removed stale: 0, written: 0
[10ott2025 16:24:28.762] [main/INFO] [net.neoforged.fml.loading.FMLLoader/]: Closing FML Loader 5d23e998
[10ott2025 16:24:28.762] [main/INFO] [net.neoforged.fml.ModLoader/]: Clearing ModLoader
