[09mag2025 14:12:30.055] [main/INFO] [cpw.mods.modlauncher.Launcher/MODLAUNCHER]: ModLauncher running: args [--mod, expore, --all, --output, D:\Programmazione\Mod\Exp Ore\NEOFORGE\1.21.1\src\generated\resources, --existing, D:\Programmazione\Mod\Exp Ore\NEOFORGE\1.21.1\src\main\resources, --launchTarget, forgedatauserdev, --assetIndex, asset-index, --assetsDir, C:\Users\rosar\.gradle\caches\minecraft\assets, --gameDir, ., --fml.neoForgeVersion, 21.1.42, --fml.fmlVersion, 4.0.24, --fml.mcVersion, 1.21.1, --fml.neoFormVersion, 20240808.144430]
[09mag2025 14:12:30.063] [main/INFO] [cpw.mods.modlauncher.Launcher/MODLAUNCHER]: JVM identified as Amazon.com Inc. OpenJDK 64-Bit Server VM 21.0.6+7-LTS
[09mag2025 14:12:30.065] [main/INFO] [cpw.mods.modlauncher.Launcher/MODLAUNCHER]: ModLauncher 11.0.4+main.d2e20e43 starting: java version 21.0.6 by Amazon.com Inc.; OS Windows 11 arch amd64 version 10.0
[09mag2025 14:12:30.242] [main/INFO] [net.neoforged.fml.loading.ImmediateWindowHandler/]: ImmediateWindowProvider not loading because launch target is forgedatauserdev
[09mag2025 14:12:30.291] [main/INFO] [mixin/]: SpongePowered MIXIN Subsystem Version=0.8.7 Source=union:/C:/Users/rosar/.gradle/caches/modules-2/files-2.1/net.fabricmc/sponge-mixin/0.15.2+mixin.0.8.7/2af2f021d8e02a0220dc27a7a72b4666d66d44ca/sponge-mixin-0.15.2+mixin.0.8.7.jar%23135!/ Service=ModLauncher Env=CLIENT
[09mag2025 14:12:30.455] [main/INFO] [net.neoforged.fml.loading.moddiscovery.ModDiscoverer/SCAN]: Found mod file "neoforge-21.1.42.jar" [locator: neoforge devenv provider ([D:\Programmazione\Mod\Exp Ore\NEOFORGE\1.21.1\.gradle\repositories\ng_dummy_ng\net\neoforged\neoforge\21.1.42\neoforge-21.1.42.jar])]
[09mag2025 14:12:30.471] [main/INFO] [net.neoforged.fml.loading.moddiscovery.ModDiscoverer/SCAN]: Found mod file "neoforge-21.1.42.jar" [locator: neoforge devenv provider ([D:\Programmazione\Mod\Exp Ore\NEOFORGE\1.21.1\.gradle\repositories\ng_dummy_ng\net\neoforged\neoforge\21.1.42\neoforge-21.1.42.jar])]
[09mag2025 14:12:30.484] [main/INFO] [net.neoforged.fml.loading.moddiscovery.ModDiscoverer/SCAN]: Found mod file "main" [locator: userdev mods and services, reader: mod manifest]
[09mag2025 14:12:30.505] [main/INFO] [net.neoforged.fml.loading.moddiscovery.ModDiscoverer/SCAN]: Found mod file "neoforge-21.1.42.jar" [locator: userdev mods and services, reader: mod manifest]
[09mag2025 14:12:30.522] [main/INFO] [net.neoforged.fml.loading.moddiscovery.ModDiscoverer/SCAN]: Found gamelibrary file "mixinextras-neoforge-0.4.1.jar" [locator: userdev mods and services, reader: mod manifest]
[09mag2025 14:12:30.676] [main/WARN] [net.neoforged.jarjar.selection.JarSelector/]: Attempted to select a dependency jar for JarJar which was passed in as source: mixinextras-neoforge-0.4.1.jar. Using Mod File: C:\Users\rosar\.gradle\caches\modules-2\files-2.1\io.github.llamalad7\mixinextras-neoforge\0.4.1\eff97772ecd0dcf8e52cdbafd3b3ccec425f8314\mixinextras-neoforge-0.4.1.jar
[09mag2025 14:12:30.676] [main/INFO] [net.neoforged.fml.loading.moddiscovery.locators.JarInJarDependencyLocator/]: No dependencies to load found. Skipping!
[09mag2025 14:12:30.839] [main/INFO] [net.neoforged.fml.loading.FMLServiceProvider/CORE]: Loading coremod script-engine for [neoforge]
[09mag2025 14:12:31.654] [main/INFO] [cpw.mods.modlauncher.LaunchServiceHandler/MODLAUNCHER]: Launching target 'forgedatauserdev' with arguments [--gameDir, ., --assetsDir, C:\Users\rosar\.gradle\caches\minecraft\assets, --mod, expore, --all, --output, D:\Programmazione\Mod\Exp Ore\NEOFORGE\1.21.1\src\generated\resources, --existing, D:\Programmazione\Mod\Exp Ore\NEOFORGE\1.21.1\src\main\resources, --assetIndex, asset-index]
[09mag2025 14:12:32.075] [main/INFO] [net.neoforged.neoforge.data.loading.DatagenModLoader/]: Initializing Data Gatherer for mods [expore]
[09mag2025 14:12:32.088] [main/INFO] [MixinExtras|Service/]: Initializing MixinExtras via com.llamalad7.mixinextras.service.MixinExtrasServiceImpl(version=0.4.1).
[09mag2025 14:12:36.101] [modloading-worker-0/INFO] [net.neoforged.neoforge.common.NeoForgeMod/NEOFORGE-MOD]: NeoForge mod loading, version 21.1.42, for MC 1.21.1
[09mag2025 14:12:36.412] [main/WARN] [net.minecraft.server.packs.VanillaPackResourcesBuilder/]: Assets URL 'union:/D:/Programmazione/Mod/Exp%20Ore/NEOFORGE/1.21.1/.gradle/repositories/ng_dummy_ng/net/neoforged/neoforge/21.1.42/neoforge-21.1.42.jar%23189!/assets/.mcassetsroot' uses unexpected schema
[09mag2025 14:12:36.413] [main/WARN] [net.minecraft.server.packs.VanillaPackResourcesBuilder/]: Assets URL 'union:/D:/Programmazione/Mod/Exp%20Ore/NEOFORGE/1.21.1/.gradle/repositories/ng_dummy_ng/net/neoforged/neoforge/21.1.42/neoforge-21.1.42.jar%23189!/data/.mcassetsroot' uses unexpected schema
[09mag2025 14:12:36.605] [main/INFO] [net.minecraft.data.DataGenerator/]: Starting provider: Registries
[09mag2025 14:12:36.738] [main/INFO] [net.minecraft.data.DataGenerator/]: Registries finished after 132 ms
[09mag2025 14:12:36.738] [main/INFO] [net.minecraft.data.DataGenerator/]: Starting provider: Tags for minecraft:block mod id expore
[09mag2025 14:12:36.750] [main/INFO] [net.minecraft.data.DataGenerator/]: Tags for minecraft:block mod id expore finished after 11 ms
[09mag2025 14:12:36.750] [main/INFO] [net.minecraft.data.DataGenerator/]: Starting provider: Loot Tables
[09mag2025 14:12:36.764] [main/INFO] [net.minecraft.data.DataGenerator/]: Loot Tables finished after 13 ms
[09mag2025 14:12:36.764] [main/INFO] [net.minecraft.data.DataGenerator/]: Starting provider: Block States: expore
[09mag2025 14:12:36.775] [main/INFO] [net.minecraft.data.DataGenerator/]: Block States: expore finished after 11 ms
[09mag2025 14:12:36.775] [main/INFO] [net.minecraft.data.DataGenerator/]: All providers took: 170 ms
[09mag2025 14:12:36.783] [main/INFO] [net.minecraft.data.HashCache/]: Caching: total files: 28, old count: 27, new count: 29, removed stale: 0, written: 1
