[06ott2025 18:14:05.126] [main/INFO] [net.neoforged.fml.startup.Entrypoint/]: JVM Uptime at startup: 110ms
[06ott2025 18:14:05.137] [main/INFO] [net.neoforged.fml.loading.FMLLoader/]: Starting FancyModLoader version 10.0.14 (CLIENT in DEV)
[06ott2025 18:14:05.137] [main/INFO] [net.neoforged.fml.loading.FMLLoader/]: Game directory: D:\Programmazione\Mod\Exp Ore\NEOFORGE\1.21.9\runs\client
[06ott2025 18:14:05.138] [main/DEBUG] [net.neoforged.fml.loading.FMLPaths/CORE]: Path GAMEDIR is D:\Programmazione\Mod\Exp Ore\NEOFORGE\1.21.9\runs\client
[06ott2025 18:14:05.139] [main/DEBUG] [net.neoforged.fml.loading.FMLPaths/CORE]: Path JIJ_CACHEDIR is D:\Programmazione\Mod\Exp Ore\NEOFORGE\1.21.9\runs\client\.cache\jij
[06ott2025 18:14:05.140] [main/DEBUG] [net.neoforged.fml.loading.FMLPaths/CORE]: Path MODSDIR is D:\Programmazione\Mod\Exp Ore\NEOFORGE\1.21.9\runs\client\mods
[06ott2025 18:14:05.140] [main/DEBUG] [net.neoforged.fml.loading.FMLPaths/CORE]: Path CONFIGDIR is D:\Programmazione\Mod\Exp Ore\NEOFORGE\1.21.9\runs\client\config
[06ott2025 18:14:05.140] [main/DEBUG] [net.neoforged.fml.loading.FMLPaths/CORE]: Path FMLCONFIG is D:\Programmazione\Mod\Exp Ore\NEOFORGE\1.21.9\runs\client\config\fml.toml
[06ott2025 18:14:05.159] [main/WARN] [net.neoforged.fml.loading.FMLConfig/CORE]: Configuration file D:\Programmazione\Mod\Exp Ore\NEOFORGE\1.21.9\runs\client\config\fml.toml is not correct. Correcting
[06ott2025 18:14:05.170] [main/INFO] [net.neoforged.fml.loading.EarlyServiceDiscovery/]: Found 0 early service jars (out of 0) in 3ms
[06ott2025 18:14:05.171] [main/INFO] [net.neoforged.fml.loading.ImmediateWindowHandler/]: Loading ImmediateWindowProvider fmlearlywindow
[06ott2025 18:14:05.205] [main/DEBUG] [net.neoforged.fml.earlydisplay.theme.ThemeLoader/]: Loading built-in theme default
[06ott2025 18:14:05.508] [ForkJoinPool.commonPool-worker-1/DEBUG] [net.neoforged.fml.util.ServiceLoaderUtil/CORE]: Found 4 implementations of IModFileCandidateLocator:
[06ott2025 18:14:05.509] [ForkJoinPool.commonPool-worker-1/DEBUG] [net.neoforged.fml.util.ServiceLoaderUtil/CORE]: 	    1000 - [built-in] net.neoforged.fml.loading.moddiscovery.locators.GameLocator from C:/Users/rosar/.gradle/caches/modules-2/files-2.1/net.neoforged.fancymodloader/loader/10.0.14/a59c38c4017e3b1f1ba076c7d37aa73081760e30/loader-10.0.14.jar
[06ott2025 18:14:05.510] [ForkJoinPool.commonPool-worker-1/DEBUG] [net.neoforged.fml.util.ServiceLoaderUtil/CORE]: 	    1000 - [built-in] net.neoforged.fml.loading.moddiscovery.locators.InDevFolderLocator from C:/Users/rosar/.gradle/caches/modules-2/files-2.1/net.neoforged.fancymodloader/loader/10.0.14/a59c38c4017e3b1f1ba076c7d37aa73081760e30/loader-10.0.14.jar
[06ott2025 18:14:05.510] [ForkJoinPool.commonPool-worker-1/DEBUG] [net.neoforged.fml.util.ServiceLoaderUtil/CORE]: 	    1000 - [built-in] net.neoforged.fml.loading.moddiscovery.locators.InDevJarLocator from C:/Users/rosar/.gradle/caches/modules-2/files-2.1/net.neoforged.fancymodloader/loader/10.0.14/a59c38c4017e3b1f1ba076c7d37aa73081760e30/loader-10.0.14.jar
[06ott2025 18:14:05.510] [ForkJoinPool.commonPool-worker-1/DEBUG] [net.neoforged.fml.util.ServiceLoaderUtil/CORE]: 	       0 - [built-in] net.neoforged.fml.loading.moddiscovery.locators.ModsFolderLocator from C:/Users/rosar/.gradle/caches/modules-2/files-2.1/net.neoforged.fancymodloader/loader/10.0.14/a59c38c4017e3b1f1ba076c7d37aa73081760e30/loader-10.0.14.jar
[06ott2025 18:14:05.513] [ForkJoinPool.commonPool-worker-1/DEBUG] [net.neoforged.fml.util.ServiceLoaderUtil/CORE]: Found 2 implementations of IModFileReader:
[06ott2025 18:14:05.513] [ForkJoinPool.commonPool-worker-1/DEBUG] [net.neoforged.fml.util.ServiceLoaderUtil/CORE]: 	       0 - net.neoforged.fml.loading.moddiscovery.readers.JarModsDotTomlModFileReader from C:/Users/rosar/.gradle/caches/modules-2/files-2.1/net.neoforged.fancymodloader/loader/10.0.14/a59c38c4017e3b1f1ba076c7d37aa73081760e30/loader-10.0.14.jar
[06ott2025 18:14:05.514] [ForkJoinPool.commonPool-worker-1/DEBUG] [net.neoforged.fml.util.ServiceLoaderUtil/CORE]: 	   -1000 - net.neoforged.fml.loading.moddiscovery.readers.NestedLibraryModReader from C:/Users/rosar/.gradle/caches/modules-2/files-2.1/net.neoforged.fancymodloader/loader/10.0.14/a59c38c4017e3b1f1ba076c7d37aa73081760e30/loader-10.0.14.jar
[06ott2025 18:14:05.515] [ForkJoinPool.commonPool-worker-1/DEBUG] [net.neoforged.fml.util.ServiceLoaderUtil/CORE]: Found 1 implementations of IDependencyLocator:
[06ott2025 18:14:05.516] [ForkJoinPool.commonPool-worker-1/DEBUG] [net.neoforged.fml.util.ServiceLoaderUtil/CORE]: 	       0 - net.neoforged.fml.loading.moddiscovery.locators.JarInJarDependencyLocator from C:/Users/rosar/.gradle/caches/modules-2/files-2.1/net.neoforged.fancymodloader/loader/10.0.14/a59c38c4017e3b1f1ba076c7d37aa73081760e30/loader-10.0.14.jar
[06ott2025 18:14:05.550] [ForkJoinPool.commonPool-worker-1/DEBUG] [net.neoforged.fml.loading.moddiscovery.locators.RequiredSystemFiles/]: Found NeoForge MANIFEST.MF in jar(D:\Programmazione\Mod\Exp Ore\NEOFORGE\1.21.9\.gradle\repositories\ng_dummy_ng\net\neoforged\neoforge\21.9.14-beta\neoforge-21.9.14-beta.jar)
[06ott2025 18:14:05.554] [ForkJoinPool.commonPool-worker-1/INFO] [net.neoforged.fml.loading.moddiscovery.locators.GameLocator/]: Detected a joined NeoForge and Minecraft configuration. Applying filtering...
[06ott2025 18:14:05.624] [ForkJoinPool.commonPool-worker-1/DEBUG] [net.neoforged.fml.loading.moddiscovery.ModFileInfo/LOADING]: Found valid mod file client-1.21.9-client-extra.jar with {minecraft} mods - versions {1.21.9}
[06ott2025 18:14:05.627] [ForkJoinPool.commonPool-worker-1/DEBUG] [net.neoforged.fml.loading.moddiscovery.ModFile/LOADING]: Loading mod file D:\Programmazione\Mod\Exp Ore\NEOFORGE\1.21.9\.gradle\repositories\ng_dummy_ng\net\minecraft\client\1.21.9\client-1.21.9-client-extra.jar with languages [LanguageSpec[languageName=minecraft, acceptedVersions=1]]
[06ott2025 18:14:05.629] [ForkJoinPool.commonPool-worker-1/DEBUG] [net.neoforged.fml.loading.moddiscovery.ModFileParser/LOADING]: Considering mod file candidate D:\Programmazione\Mod\Exp Ore\NEOFORGE\1.21.9\.gradle\repositories\ng_dummy_ng\net\neoforged\neoforge\21.9.14-beta\neoforge-21.9.14-beta.jar
[06ott2025 18:14:05.634] [ForkJoinPool.commonPool-worker-1/DEBUG] [net.neoforged.fml.loading.moddiscovery.ModFileInfo/LOADING]: Found valid mod file neoforge-21.9.14-beta.jar with {neoforge} mods - versions {21.9.14-beta}
[06ott2025 18:14:05.634] [ForkJoinPool.commonPool-worker-1/DEBUG] [net.neoforged.fml.loading.moddiscovery.ModFile/LOADING]: Loading mod file D:\Programmazione\Mod\Exp Ore\NEOFORGE\1.21.9\.gradle\repositories\ng_dummy_ng\net\neoforged\neoforge\21.9.14-beta\neoforge-21.9.14-beta.jar with languages [LanguageSpec[languageName=javafml, acceptedVersions=[3,]]]
[06ott2025 18:14:05.641] [ForkJoinPool.commonPool-worker-1/DEBUG] [net.neoforged.fml.loading.moddiscovery.ModFile/LOADING]: Found mixin config MixinConfig[config=neoforge.mixins.json, requiredMods=[], behaviorVersion=null]
[06ott2025 18:14:05.643] [ForkJoinPool.commonPool-worker-1/INFO] [net.neoforged.fml.loading.moddiscovery.locators.InDevFolderLocator/CORE]: Got mod coordinates 1.21.9%%D:\Programmazione\Mod\Exp Ore\NEOFORGE\1.21.9\build\resources\main;1.21.9%%D:\Programmazione\Mod\Exp Ore\NEOFORGE\1.21.9\build\classes\java\main from env
[06ott2025 18:14:05.651] [ForkJoinPool.commonPool-worker-1/DEBUG] [net.neoforged.fml.loading.moddiscovery.ModFileParser/LOADING]: Considering mod file candidate D:\Programmazione\Mod\Exp Ore\NEOFORGE\1.21.9\build\resources\main
[06ott2025 18:14:05.658] [ForkJoinPool.commonPool-worker-1/DEBUG] [net.neoforged.fml.loading.moddiscovery.ModFileInfo/LOADING]: Found valid mod file main with {expore} mods - versions {1.21.9-0.1}
[06ott2025 18:14:05.660] [ForkJoinPool.commonPool-worker-1/DEBUG] [net.neoforged.fml.loading.moddiscovery.ModFile/LOADING]: Loading mod file D:\Programmazione\Mod\Exp Ore\NEOFORGE\1.21.9\build\resources\main with languages [LanguageSpec[languageName=javafml, acceptedVersions=[4,)]]
[06ott2025 18:14:05.662] [ForkJoinPool.commonPool-worker-1/DEBUG] [net.neoforged.fml.loading.moddiscovery.ModDiscoverer/]: Skipping D:\Programmazione\Mod\Exp Ore\NEOFORGE\1.21.9\.gradle\repositories\ng_dummy_ng\net\neoforged\neoforge\21.9.14-beta\neoforge-21.9.14-beta.jar because it was already located earlier
[06ott2025 18:14:05.690] [ForkJoinPool.commonPool-worker-1/DEBUG] [net.neoforged.fml.loading.moddiscovery.ModFile/LOADING]: Loading mod file C:\Users\rosar\.gradle\caches\modules-2\files-2.1\io.github.llamalad7\mixinextras-neoforge\0.5.0\d734b83ce6542bb70ea31755c1595b88992dbe65\mixinextras-neoforge-0.5.0.jar with languages []
[06ott2025 18:14:05.693] [fml-loadingscreen/INFO] [net.neoforged.fml.earlydisplay.render.LoadingScreenRenderer/]: GL info: Intel(R) UHD Graphics GL version 3.3.0 - Build 31.0.101.5592, Intel
[06ott2025 18:14:05.783] [ForkJoinPool.commonPool-worker-1/DEBUG] [net.neoforged.fml.loading.moddiscovery.ModFile/LOADING]: Loading mod file D:\Programmazione\Mod\Exp Ore\NEOFORGE\1.21.9\runs\client\.cache\jij\9c617719248f8b89847348fc7ea5e705739c147ae5e172551264d225bc9f2507\mixinextras-neoforge-0.5.0.jar with languages []
[06ott2025 18:14:05.787] [ForkJoinPool.commonPool-worker-1/DEBUG] [net.neoforged.fml.loading.moddiscovery.ModFile/LOADING]: Loading mod file D:\Programmazione\Mod\Exp Ore\NEOFORGE\1.21.9\runs\client\.cache\jij\51629231fe2baaddd60d570ef06ada2b2f1fe8a34133e63afdd748b9ef93f9f1\net.neoforged.neoforge-coremods-21.9.14-beta.jar with languages []
[06ott2025 18:14:05.821] [ForkJoinPool.commonPool-worker-1/WARN] [net.neoforged.jarjar.selection.JarSelector/]: Attempted to select a dependency jar for JarJar which was passed in as source: library:mixinextras.neoforge. Using Jar[C:\Users\rosar\.gradle\caches\modules-2\files-2.1\io.github.llamalad7\mixinextras-neoforge\0.5.0\d734b83ce6542bb70ea31755c1595b88992dbe65\mixinextras-neoforge-0.5.0.jar]
[06ott2025 18:14:05.822] [ForkJoinPool.commonPool-worker-1/INFO] [net.neoforged.fml.loading.moddiscovery.locators.JarInJarDependencyLocator/]: Found 1 dependencies adding them to mods collection
[06ott2025 18:14:05.825] [ForkJoinPool.commonPool-worker-1/INFO] [net.neoforged.fml.loading.moddiscovery.ModDiscoverer/]: 
     Mod List:
		Name Version (Mod Id)

		ExpOre 1.21.9-0.1 (expore)
		Minecraft 1.21.9 (minecraft)
		NeoForge 21.9.14-beta (neoforge)
[06ott2025 18:14:05.833] [ForkJoinPool.commonPool-worker-1/DEBUG] [net.neoforged.fml.loading.ModSorter/]: Configured system mods: [minecraft, neoforge]
[06ott2025 18:14:05.834] [ForkJoinPool.commonPool-worker-1/DEBUG] [net.neoforged.fml.loading.ModSorter/]: Found system mod: minecraft
[06ott2025 18:14:05.834] [ForkJoinPool.commonPool-worker-1/DEBUG] [net.neoforged.fml.loading.ModSorter/]: Found system mod: neoforge
[06ott2025 18:14:05.836] [ForkJoinPool.commonPool-worker-1/DEBUG] [net.neoforged.fml.loading.ModSorter/LOADING]: Found 2 mod requirements (2 mandatory, 0 optional)
[06ott2025 18:14:05.836] [ForkJoinPool.commonPool-worker-1/DEBUG] [net.neoforged.fml.loading.ModSorter/LOADING]: Found 0 mod requirements missing (0 mandatory, 0 optional)
[06ott2025 18:14:05.967] [main/INFO] [mixin/]: SpongePowered MIXIN Subsystem Version=0.8.7 Source=file:/C:/Users/rosar/.gradle/caches/modules-2/files-2.1/net.fabricmc/sponge-mixin/0.16.4+mixin.0.8.7/26d01f0567ab46e9ca0d2ed89d0ecc11aadbd433/sponge-mixin-0.16.4+mixin.0.8.7.jar Service=FML Env=CLIENT
[06ott2025 18:14:06.021] [main/DEBUG] [mixin/]: Initialising Mixin Platform Manager
[06ott2025 18:14:06.022] [main/DEBUG] [mixin/]: Adding mixin platform agents for container ContainerHandleVirtual(fml:18c85)
[06ott2025 18:14:06.026] [main/DEBUG] [mixin/]: Instancing new MixinPlatformAgentDefault for ContainerHandleVirtual(fml:18c85)
[06ott2025 18:14:06.027] [main/DEBUG] [mixin/]: MixinPlatformAgentDefault accepted container ContainerHandleVirtual(fml:18c85)
[06ott2025 18:14:06.028] [main/DEBUG] [mixin/]: Instancing new MixinPlatformAgentDefault for ContainerHandleVirtual(fml:18c85)
[06ott2025 18:14:06.028] [main/DEBUG] [mixin/]: MixinPlatformAgentDefault accepted container ContainerHandleVirtual(fml:18c85)
[06ott2025 18:14:06.030] [main/DEBUG] [mixin/]: Processing prepare() for PlatformAgent[MixinPlatformAgentDefault:ContainerHandleVirtual(fml:18c85)]
[06ott2025 18:14:06.030] [main/DEBUG] [mixin/]: Processing prepare() for PlatformAgent[MixinPlatformAgentDefault:ContainerHandleVirtual(fml:18c85)]
[06ott2025 18:14:06.033] [main/INFO] [net.neoforged.fml.loading.FMLLoader/]: Loading FML Plugins:
[06ott2025 18:14:06.034] [main/INFO] [net.neoforged.fml.loading.FMLLoader/]:  - D:/Programmazione/Mod/Exp Ore/NEOFORGE/1.21.9/.gradle/repositories/ng_dummy_ng/net/neoforged/neoforge/21.9.14-beta/neoforge-21.9.14-beta.jar > net.neoforged.neoforge-coremods-21.9.14-beta.jar
[06ott2025 18:14:06.045] [main/DEBUG] [net.neoforged.fml.util.ServiceLoaderUtil/CORE]: Found 2 implementations of IModLanguageLoader:
[06ott2025 18:14:06.045] [main/DEBUG] [net.neoforged.fml.util.ServiceLoaderUtil/CORE]: 	net.neoforged.fml.javafmlmod.FMLJavaModLanguageProvider from C:/Users/rosar/.gradle/caches/modules-2/files-2.1/net.neoforged.fancymodloader/loader/10.0.14/a59c38c4017e3b1f1ba076c7d37aa73081760e30/loader-10.0.14.jar
[06ott2025 18:14:06.046] [main/DEBUG] [net.neoforged.fml.util.ServiceLoaderUtil/CORE]: 	net.neoforged.fml.mclanguageprovider.MinecraftModLanguageProvider from C:/Users/rosar/.gradle/caches/modules-2/files-2.1/net.neoforged.fancymodloader/loader/10.0.14/a59c38c4017e3b1f1ba076c7d37aa73081760e30/loader-10.0.14.jar
[06ott2025 18:14:06.049] [main/DEBUG] [net.neoforged.fml.loading.LanguageProviderLoader/CORE]: Found language provider javafml, version 10.0
[06ott2025 18:14:06.052] [main/DEBUG] [net.neoforged.fml.loading.LanguageProviderLoader/CORE]: Found language provider minecraft, version 10.0
[06ott2025 18:14:06.128] [main/DEBUG] [net.neoforged.fml.util.ServiceLoaderUtil/CORE]: Found 5 implementations of ClassProcessor:
[06ott2025 18:14:06.128] [main/DEBUG] [net.neoforged.fml.util.ServiceLoaderUtil/CORE]: 	[built-in] net.neoforged.fml.common.asm.AccessTransformerService from C:/Users/rosar/.gradle/caches/modules-2/files-2.1/net.neoforged.fancymodloader/loader/10.0.14/a59c38c4017e3b1f1ba076c7d37aa73081760e30/loader-10.0.14.jar
[06ott2025 18:14:06.129] [main/DEBUG] [net.neoforged.fml.util.ServiceLoaderUtil/CORE]: 	[built-in] net.neoforged.fml.common.asm.enumextension.RuntimeEnumExtender from C:/Users/rosar/.gradle/caches/modules-2/files-2.1/net.neoforged.fancymodloader/loader/10.0.14/a59c38c4017e3b1f1ba076c7d37aa73081760e30/loader-10.0.14.jar
[06ott2025 18:14:06.129] [main/DEBUG] [net.neoforged.fml.util.ServiceLoaderUtil/CORE]: 	[built-in] net.neoforged.fml.common.asm.SimpleProcessorsGroup from C:/Users/rosar/.gradle/caches/modules-2/files-2.1/net.neoforged.fancymodloader/loader/10.0.14/a59c38c4017e3b1f1ba076c7d37aa73081760e30/loader-10.0.14.jar
[06ott2025 18:14:06.129] [main/DEBUG] [net.neoforged.fml.util.ServiceLoaderUtil/CORE]: 	[built-in] net.neoforged.fml.loading.moddiscovery.locators.NeoForgeDevDistCleaner from C:/Users/rosar/.gradle/caches/modules-2/files-2.1/net.neoforged.fancymodloader/loader/10.0.14/a59c38c4017e3b1f1ba076c7d37aa73081760e30/loader-10.0.14.jar
[06ott2025 18:14:06.129] [main/DEBUG] [net.neoforged.fml.util.ServiceLoaderUtil/CORE]: 	[built-in] net.neoforged.fml.loading.mixin.FMLMixinClassProcessor from C:/Users/rosar/.gradle/caches/modules-2/files-2.1/net.neoforged.fancymodloader/loader/10.0.14/a59c38c4017e3b1f1ba076c7d37aa73081760e30/loader-10.0.14.jar
[06ott2025 18:14:06.133] [main/DEBUG] [net.neoforged.fml.util.ServiceLoaderUtil/CORE]: Found 1 implementations of ClassProcessorProvider:
[06ott2025 18:14:06.133] [main/DEBUG] [net.neoforged.fml.util.ServiceLoaderUtil/CORE]: 	net.neoforged.neoforge.coremods.NeoForgeCoreMod from D:/Programmazione/Mod/Exp Ore/NEOFORGE/1.21.9/.gradle/repositories/ng_dummy_ng/net/neoforged/neoforge/21.9.14-beta/neoforge-21.9.14-beta.jar > net.neoforged.neoforge-coremods-21.9.14-beta.jar
[06ott2025 18:14:06.198] [main/DEBUG] [net.neoforged.fml.loading.FMLLoader/]: Masking classpath elements: [D:/Programmazione/Mod/Exp Ore/NEOFORGE/1.21.9/.gradle/repositories/ng_dummy_ng/net/neoforged/neoforge/21.9.14-beta/neoforge-21.9.14-beta.jar, C:/Users/rosar/.gradle/caches/modules-2/files-2.1/io.github.llamalad7/mixinextras-neoforge/0.5.0/d734b83ce6542bb70ea31755c1595b88992dbe65/mixinextras-neoforge-0.5.0.jar, D:/Programmazione/Mod/Exp Ore/NEOFORGE/1.21.9/build/classes/java/main, D:/Programmazione/Mod/Exp Ore/NEOFORGE/1.21.9/build/resources/main, D:/Programmazione/Mod/Exp Ore/NEOFORGE/1.21.9/.gradle/repositories/ng_dummy_ng/net/minecraft/client/1.21.9/client-1.21.9-client-extra.jar]
[06ott2025 18:14:06.271] [main/INFO] [net.neoforged.fml.loading.FMLLoader/]: Building game content classloader:
 - expore (composite(folder(D:\Programmazione\Mod\Exp Ore\NEOFORGE\1.21.9\build\resources\main), folder(D:\Programmazione\Mod\Exp Ore\NEOFORGE\1.21.9\build\classes\java\main)))
 - minecraft (composite(jar(D:\Programmazione\Mod\Exp Ore\NEOFORGE\1.21.9\.gradle\repositories\ng_dummy_ng\net\minecraft\client\1.21.9\client-1.21.9-client-extra.jar), filtered(jar(D:\Programmazione\Mod\Exp Ore\NEOFORGE\1.21.9\.gradle\repositories\ng_dummy_ng\net\neoforged\neoforge\21.9.14-beta\neoforge-21.9.14-beta.jar))))
 - mixinextras.neoforge (jar(C:\Users\rosar\.gradle\caches\modules-2\files-2.1\io.github.llamalad7\mixinextras-neoforge\0.5.0\d734b83ce6542bb70ea31755c1595b88992dbe65\mixinextras-neoforge-0.5.0.jar))
 - neoforge (composite(filtered(jar(D:\Programmazione\Mod\Exp Ore\NEOFORGE\1.21.9\.gradle\repositories\ng_dummy_ng\net\neoforged\neoforge\21.9.14-beta\neoforge-21.9.14-beta.jar))))
 - net.neoforged.fml.generated (empty(VirtualJar\net.neoforged.fml.generated))
[06ott2025 18:14:06.298] [main/INFO] [net.neoforged.fml.loading.FMLLoader/]: Built game content classloader in 100ms
[06ott2025 18:14:06.387] [main/DEBUG] [mixin/]: Processing launch tasks for PlatformAgent[MixinPlatformAgentDefault:ContainerHandleVirtual(fml:18c85)]
[06ott2025 18:14:06.387] [main/DEBUG] [mixin/]: Processing launch tasks for PlatformAgent[MixinPlatformAgentDefault:ContainerHandleVirtual(fml:18c85)]
[06ott2025 18:14:06.387] [main/DEBUG] [mixin/]: Adding agents for Mixin Container Jar[D:\Programmazione\Mod\Exp Ore\NEOFORGE\1.21.9\.gradle\repositories\ng_dummy_ng\net\neoforged\neoforge\21.9.14-beta\neoforge-21.9.14-beta.jar] > Jar[D:\Programmazione\Mod\Exp Ore\NEOFORGE\1.21.9\runs\client\.cache\jij\51629231fe2baaddd60d570ef06ada2b2f1fe8a34133e63afdd748b9ef93f9f1\net.neoforged.neoforge-coremods-21.9.14-beta.jar]
[06ott2025 18:14:06.387] [main/DEBUG] [mixin/]: Adding mixin platform agents for container Jar[D:\Programmazione\Mod\Exp Ore\NEOFORGE\1.21.9\.gradle\repositories\ng_dummy_ng\net\neoforged\neoforge\21.9.14-beta\neoforge-21.9.14-beta.jar] > Jar[D:\Programmazione\Mod\Exp Ore\NEOFORGE\1.21.9\runs\client\.cache\jij\51629231fe2baaddd60d570ef06ada2b2f1fe8a34133e63afdd748b9ef93f9f1\net.neoforged.neoforge-coremods-21.9.14-beta.jar]
[06ott2025 18:14:06.388] [main/DEBUG] [mixin/]: Instancing new MixinPlatformAgentDefault for Jar[D:\Programmazione\Mod\Exp Ore\NEOFORGE\1.21.9\.gradle\repositories\ng_dummy_ng\net\neoforged\neoforge\21.9.14-beta\neoforge-21.9.14-beta.jar] > Jar[D:\Programmazione\Mod\Exp Ore\NEOFORGE\1.21.9\runs\client\.cache\jij\51629231fe2baaddd60d570ef06ada2b2f1fe8a34133e63afdd748b9ef93f9f1\net.neoforged.neoforge-coremods-21.9.14-beta.jar]
[06ott2025 18:14:06.388] [main/DEBUG] [mixin/]: MixinPlatformAgentDefault accepted container Jar[D:\Programmazione\Mod\Exp Ore\NEOFORGE\1.21.9\.gradle\repositories\ng_dummy_ng\net\neoforged\neoforge\21.9.14-beta\neoforge-21.9.14-beta.jar] > Jar[D:\Programmazione\Mod\Exp Ore\NEOFORGE\1.21.9\runs\client\.cache\jij\51629231fe2baaddd60d570ef06ada2b2f1fe8a34133e63afdd748b9ef93f9f1\net.neoforged.neoforge-coremods-21.9.14-beta.jar]
[06ott2025 18:14:06.388] [main/DEBUG] [mixin/]: Instancing new MixinPlatformAgentDefault for Jar[D:\Programmazione\Mod\Exp Ore\NEOFORGE\1.21.9\.gradle\repositories\ng_dummy_ng\net\neoforged\neoforge\21.9.14-beta\neoforge-21.9.14-beta.jar] > Jar[D:\Programmazione\Mod\Exp Ore\NEOFORGE\1.21.9\runs\client\.cache\jij\51629231fe2baaddd60d570ef06ada2b2f1fe8a34133e63afdd748b9ef93f9f1\net.neoforged.neoforge-coremods-21.9.14-beta.jar]
[06ott2025 18:14:06.388] [main/DEBUG] [mixin/]: MixinPlatformAgentDefault accepted container Jar[D:\Programmazione\Mod\Exp Ore\NEOFORGE\1.21.9\.gradle\repositories\ng_dummy_ng\net\neoforged\neoforge\21.9.14-beta\neoforge-21.9.14-beta.jar] > Jar[D:\Programmazione\Mod\Exp Ore\NEOFORGE\1.21.9\runs\client\.cache\jij\51629231fe2baaddd60d570ef06ada2b2f1fe8a34133e63afdd748b9ef93f9f1\net.neoforged.neoforge-coremods-21.9.14-beta.jar]
[06ott2025 18:14:06.388] [main/DEBUG] [mixin/]: Processing prepare() for PlatformAgent[MixinPlatformAgentDefault:Jar[D:\Programmazione\Mod\Exp Ore\NEOFORGE\1.21.9\.gradle\repositories\ng_dummy_ng\net\neoforged\neoforge\21.9.14-beta\neoforge-21.9.14-beta.jar] > Jar[D:\Programmazione\Mod\Exp Ore\NEOFORGE\1.21.9\runs\client\.cache\jij\51629231fe2baaddd60d570ef06ada2b2f1fe8a34133e63afdd748b9ef93f9f1\net.neoforged.neoforge-coremods-21.9.14-beta.jar]]
[06ott2025 18:14:06.389] [main/DEBUG] [mixin/]: Processing prepare() for PlatformAgent[MixinPlatformAgentDefault:Jar[D:\Programmazione\Mod\Exp Ore\NEOFORGE\1.21.9\.gradle\repositories\ng_dummy_ng\net\neoforged\neoforge\21.9.14-beta\neoforge-21.9.14-beta.jar] > Jar[D:\Programmazione\Mod\Exp Ore\NEOFORGE\1.21.9\runs\client\.cache\jij\51629231fe2baaddd60d570ef06ada2b2f1fe8a34133e63afdd748b9ef93f9f1\net.neoforged.neoforge-coremods-21.9.14-beta.jar]]
[06ott2025 18:14:06.389] [main/DEBUG] [mixin/]: Adding agents for Mixin Container Jar[C:\Users\rosar\.gradle\caches\modules-2\files-2.1\io.github.llamalad7\mixinextras-neoforge\0.5.0\d734b83ce6542bb70ea31755c1595b88992dbe65\mixinextras-neoforge-0.5.0.jar]
[06ott2025 18:14:06.389] [main/DEBUG] [mixin/]: Adding mixin platform agents for container Jar[C:\Users\rosar\.gradle\caches\modules-2\files-2.1\io.github.llamalad7\mixinextras-neoforge\0.5.0\d734b83ce6542bb70ea31755c1595b88992dbe65\mixinextras-neoforge-0.5.0.jar]
[06ott2025 18:14:06.389] [main/DEBUG] [mixin/]: Instancing new MixinPlatformAgentDefault for Jar[C:\Users\rosar\.gradle\caches\modules-2\files-2.1\io.github.llamalad7\mixinextras-neoforge\0.5.0\d734b83ce6542bb70ea31755c1595b88992dbe65\mixinextras-neoforge-0.5.0.jar]
[06ott2025 18:14:06.389] [main/DEBUG] [mixin/]: MixinPlatformAgentDefault accepted container Jar[C:\Users\rosar\.gradle\caches\modules-2\files-2.1\io.github.llamalad7\mixinextras-neoforge\0.5.0\d734b83ce6542bb70ea31755c1595b88992dbe65\mixinextras-neoforge-0.5.0.jar]
[06ott2025 18:14:06.389] [main/DEBUG] [mixin/]: Instancing new MixinPlatformAgentDefault for Jar[C:\Users\rosar\.gradle\caches\modules-2\files-2.1\io.github.llamalad7\mixinextras-neoforge\0.5.0\d734b83ce6542bb70ea31755c1595b88992dbe65\mixinextras-neoforge-0.5.0.jar]
[06ott2025 18:14:06.390] [main/DEBUG] [mixin/]: MixinPlatformAgentDefault accepted container Jar[C:\Users\rosar\.gradle\caches\modules-2\files-2.1\io.github.llamalad7\mixinextras-neoforge\0.5.0\d734b83ce6542bb70ea31755c1595b88992dbe65\mixinextras-neoforge-0.5.0.jar]
[06ott2025 18:14:06.390] [main/DEBUG] [mixin/]: Processing prepare() for PlatformAgent[MixinPlatformAgentDefault:Jar[C:\Users\rosar\.gradle\caches\modules-2\files-2.1\io.github.llamalad7\mixinextras-neoforge\0.5.0\d734b83ce6542bb70ea31755c1595b88992dbe65\mixinextras-neoforge-0.5.0.jar]]
[06ott2025 18:14:06.390] [main/DEBUG] [mixin/]: Registering mixin config: mixinextras.init.mixins.json source=Jar[C:\Users\rosar\.gradle\caches\modules-2\files-2.1\io.github.llamalad7\mixinextras-neoforge\0.5.0\d734b83ce6542bb70ea31755c1595b88992dbe65\mixinextras-neoforge-0.5.0.jar]
[06ott2025 18:14:06.393] [main/DEBUG] [mixin/]: Processing prepare() for PlatformAgent[MixinPlatformAgentDefault:Jar[C:\Users\rosar\.gradle\caches\modules-2\files-2.1\io.github.llamalad7\mixinextras-neoforge\0.5.0\d734b83ce6542bb70ea31755c1595b88992dbe65\mixinextras-neoforge-0.5.0.jar]]
[06ott2025 18:14:06.393] [main/DEBUG] [mixin/]: Registering mixin config: mixinextras.init.mixins.json source=Jar[C:\Users\rosar\.gradle\caches\modules-2\files-2.1\io.github.llamalad7\mixinextras-neoforge\0.5.0\d734b83ce6542bb70ea31755c1595b88992dbe65\mixinextras-neoforge-0.5.0.jar]
[06ott2025 18:14:06.393] [main/DEBUG] [mixin/]: inject() running with 3 agents
[06ott2025 18:14:06.394] [main/DEBUG] [mixin/]: Processing inject() for PlatformAgent[MixinPlatformAgentDefault:ContainerHandleVirtual(fml:18c85)]
[06ott2025 18:14:06.394] [main/DEBUG] [mixin/]: Processing inject() for PlatformAgent[MixinPlatformAgentDefault:ContainerHandleVirtual(fml:18c85)]
[06ott2025 18:14:06.394] [main/DEBUG] [mixin/]: Processing inject() for PlatformAgent[MixinPlatformAgentDefault:Jar[D:\Programmazione\Mod\Exp Ore\NEOFORGE\1.21.9\.gradle\repositories\ng_dummy_ng\net\neoforged\neoforge\21.9.14-beta\neoforge-21.9.14-beta.jar] > Jar[D:\Programmazione\Mod\Exp Ore\NEOFORGE\1.21.9\runs\client\.cache\jij\51629231fe2baaddd60d570ef06ada2b2f1fe8a34133e63afdd748b9ef93f9f1\net.neoforged.neoforge-coremods-21.9.14-beta.jar]]
[06ott2025 18:14:06.394] [main/DEBUG] [mixin/]: Processing inject() for PlatformAgent[MixinPlatformAgentDefault:Jar[D:\Programmazione\Mod\Exp Ore\NEOFORGE\1.21.9\.gradle\repositories\ng_dummy_ng\net\neoforged\neoforge\21.9.14-beta\neoforge-21.9.14-beta.jar] > Jar[D:\Programmazione\Mod\Exp Ore\NEOFORGE\1.21.9\runs\client\.cache\jij\51629231fe2baaddd60d570ef06ada2b2f1fe8a34133e63afdd748b9ef93f9f1\net.neoforged.neoforge-coremods-21.9.14-beta.jar]]
[06ott2025 18:14:06.394] [main/DEBUG] [mixin/]: Processing inject() for PlatformAgent[MixinPlatformAgentDefault:Jar[C:\Users\rosar\.gradle\caches\modules-2\files-2.1\io.github.llamalad7\mixinextras-neoforge\0.5.0\d734b83ce6542bb70ea31755c1595b88992dbe65\mixinextras-neoforge-0.5.0.jar]]
[06ott2025 18:14:06.395] [main/DEBUG] [mixin/]: Processing inject() for PlatformAgent[MixinPlatformAgentDefault:Jar[C:\Users\rosar\.gradle\caches\modules-2\files-2.1\io.github.llamalad7\mixinextras-neoforge\0.5.0\d734b83ce6542bb70ea31755c1595b88992dbe65\mixinextras-neoforge-0.5.0.jar]]
[06ott2025 18:14:06.405] [main/DEBUG] [mixin/]: Preparing mixins for MixinEnvironment[DEFAULT]
[06ott2025 18:14:06.406] [main/DEBUG] [mixin/]: Selecting config neoforge.mixins.json
[06ott2025 18:14:06.414] [main/DEBUG] [mixin/]: Selecting config mixinextras.init.mixins.json
[06ott2025 18:14:06.487] [main/DEBUG] [MixinExtras|Service/]: com.llamalad7.mixinextras.service.MixinExtrasServiceImpl(version=0.5.0) is taking over from null
[06ott2025 18:14:06.582] [main/DEBUG] [mixin/]: Registering new injector for @Inject with org.spongepowered.asm.mixin.injection.struct.CallbackInjectionInfo
[06ott2025 18:14:06.583] [main/DEBUG] [mixin/]: Registering new injector for @ModifyArg with org.spongepowered.asm.mixin.injection.struct.ModifyArgInjectionInfo
[06ott2025 18:14:06.585] [main/DEBUG] [mixin/]: Registering new injector for @ModifyArgs with org.spongepowered.asm.mixin.injection.struct.ModifyArgsInjectionInfo
[06ott2025 18:14:06.586] [main/DEBUG] [mixin/]: Registering new injector for @Redirect with org.spongepowered.asm.mixin.injection.struct.RedirectInjectionInfo
[06ott2025 18:14:06.588] [main/DEBUG] [mixin/]: Registering new injector for @ModifyVariable with org.spongepowered.asm.mixin.injection.struct.ModifyVariableInjectionInfo
[06ott2025 18:14:06.588] [main/DEBUG] [mixin/]: Registering new injector for @ModifyConstant with org.spongepowered.asm.mixin.injection.struct.ModifyConstantInjectionInfo
[06ott2025 18:14:06.602] [main/DEBUG] [mixin/]: Preparing neoforge.mixins.json (2)
[06ott2025 18:14:06.662] [main/DEBUG] [mixin/]: Preparing mixinextras.init.mixins.json (0)
[06ott2025 18:14:06.666] [main/DEBUG] [mixin/]: Prepared 2 mixins in 0,259 sec (129,5ms avg) (0ms load, 0ms transform, 0ms plugin)
[06ott2025 18:14:06.750] [main/DEBUG] [io.netty.util.internal.logging.InternalLoggerFactory/]: Using SLF4J as the default logging framework
[06ott2025 18:14:06.754] [main/DEBUG] [io.netty.util.ResourceLeakDetector/]: -Dio.netty.leakDetection.level: simple
[06ott2025 18:14:06.754] [main/DEBUG] [io.netty.util.ResourceLeakDetector/]: -Dio.netty.leakDetection.targetRecords: 4
[06ott2025 18:14:07.672] [Datafixer Bootstrap/INFO] [com.mojang.datafixers.DataFixerBuilder/]: 281 Datafixer optimizations took 426 milliseconds
[06ott2025 18:14:07.833] [pool-8-thread-1/INFO] [MixinExtras|Service/]: Initializing MixinExtras via com.llamalad7.mixinextras.service.MixinExtrasServiceImpl(version=0.5.0).
[06ott2025 18:14:07.834] [pool-8-thread-1/DEBUG] [mixin/]: Registering new injector for @SugarWrapper with com.llamalad7.mixinextras.sugar.impl.SugarWrapperInjectionInfo
[06ott2025 18:14:07.834] [pool-8-thread-1/DEBUG] [mixin/]: Registering new injector for @FactoryRedirectWrapper with com.llamalad7.mixinextras.wrapper.factory.FactoryRedirectWrapperInjectionInfo
[06ott2025 18:14:07.834] [pool-8-thread-1/DEBUG] [mixin/]: Registering new injector for @ExpressionInjectorWrapper with com.llamalad7.mixinextras.expression.impl.wrapper.ExpressionInjectorWrapperInjectionInfo
[06ott2025 18:14:07.841] [pool-8-thread-1/DEBUG] [mixin/]: Mixing MappedRegistryAccessor from neoforge.mixins.json into net.minecraft.core.MappedRegistry
[06ott2025 18:14:08.705] [pool-8-thread-1/DEBUG] [mixin/]: Mixing BlockEntityTypeAccessor from neoforge.mixins.json into net.minecraft.world.level.block.entity.BlockEntityType
[06ott2025 18:14:10.028] [pool-8-thread-1/DEBUG] [io.netty.util.internal.PlatformDependent0/]: -Dio.netty.noUnsafe: false
[06ott2025 18:14:10.028] [pool-8-thread-1/DEBUG] [io.netty.util.internal.PlatformDependent0/]: Java version: 21
[06ott2025 18:14:10.030] [pool-8-thread-1/DEBUG] [io.netty.util.internal.PlatformDependent0/]: sun.misc.Unsafe.theUnsafe: available
[06ott2025 18:14:10.030] [pool-8-thread-1/DEBUG] [io.netty.util.internal.PlatformDependent0/]: sun.misc.Unsafe base methods: all available
[06ott2025 18:14:10.031] [pool-8-thread-1/DEBUG] [io.netty.util.internal.PlatformDependent0/]: sun.misc.Unsafe.storeFence: available
[06ott2025 18:14:10.032] [pool-8-thread-1/DEBUG] [io.netty.util.internal.PlatformDependent0/]: java.nio.Buffer.address: available
[06ott2025 18:14:10.032] [pool-8-thread-1/DEBUG] [io.netty.util.internal.PlatformDependent0/]: java.nio.Bits.unaligned: available, true
[06ott2025 18:14:10.033] [pool-8-thread-1/DEBUG] [io.netty.util.internal.PlatformDependent0/]: java.nio.DirectByteBuffer.<init>(long, {int,long}): unavailable
[06ott2025 18:14:10.033] [pool-8-thread-1/DEBUG] [io.netty.util.internal.PlatformDependent/]: sun.misc.Unsafe: available
[06ott2025 18:14:10.034] [pool-8-thread-1/DEBUG] [io.netty.util.internal.PlatformDependent/]: -Dio.netty.tmpdir: C:\Users\rosar\AppData\Local\Temp (java.io.tmpdir)
[06ott2025 18:14:10.034] [pool-8-thread-1/DEBUG] [io.netty.util.internal.PlatformDependent/]: -Dio.netty.bitMode: 64 (sun.arch.data.model)
[06ott2025 18:14:10.034] [pool-8-thread-1/DEBUG] [io.netty.util.internal.PlatformDependent/]: Platform: Windows
[06ott2025 18:14:10.035] [pool-8-thread-1/DEBUG] [io.netty.util.internal.PlatformDependent/]: -Dio.netty.maxDirectMemory: -1 bytes
[06ott2025 18:14:10.035] [pool-8-thread-1/DEBUG] [io.netty.util.internal.PlatformDependent/]: -Dio.netty.uninitializedArrayAllocationThreshold: -1
[06ott2025 18:14:10.036] [pool-8-thread-1/DEBUG] [io.netty.util.internal.CleanerJava9/]: java.nio.ByteBuffer.cleaner(): available
[06ott2025 18:14:10.036] [pool-8-thread-1/DEBUG] [io.netty.util.internal.PlatformDependent/]: -Dio.netty.noPreferDirect: false
[06ott2025 18:14:12.177] [main/WARN] [net.minecraft.commands.Commands/]: Ambiguity between arguments [teleport, location] and [teleport, destination] with inputs: [0.1 -0.5 .9, 0 0 0]
[06ott2025 18:14:12.178] [main/WARN] [net.minecraft.commands.Commands/]: Ambiguity between arguments [teleport, location] and [teleport, targets] with inputs: [0.1 -0.5 .9, 0 0 0]
[06ott2025 18:14:12.181] [main/WARN] [net.minecraft.commands.Commands/]: Ambiguity between arguments [teleport, destination] and [teleport, targets] with inputs: [Player, 0123, @e, dd12be42-52a9-4a91-a8a1-11c01849e498]
[06ott2025 18:14:12.182] [main/WARN] [net.minecraft.commands.Commands/]: Ambiguity between arguments [teleport, targets] and [teleport, destination] with inputs: [Player, 0123, dd12be42-52a9-4a91-a8a1-11c01849e498]
[06ott2025 18:14:12.183] [main/WARN] [net.minecraft.commands.Commands/]: Ambiguity between arguments [teleport, targets, location] and [teleport, targets, destination] with inputs: [0.1 -0.5 .9, 0 0 0]
[06ott2025 18:14:12.184] [main/WARN] [net.minecraft.commands.Commands/]: Ambiguity between arguments [waypoint, modify, waypoint, color, reset] and [waypoint, modify, waypoint, color, color] with inputs: [reset]
[06ott2025 18:14:12.211] [main/DEBUG] [net.neoforged.fml.ModWorkManager/LOADING]: Using 16 threads for parallel mod-loading
[06ott2025 18:14:12.223] [main/DEBUG] [net.neoforged.fml.javafmlmod.FMLModContainer/LOADING]: Creating FMLModContainer instance for expore with entrypoints [com.blocklegend001.expore.ExpOre]
[06ott2025 18:14:12.228] [main/DEBUG] [net.neoforged.fml.javafmlmod.FMLModContainer/LOADING]: Creating FMLModContainer instance for neoforge with entrypoints [net.neoforged.neoforge.common.NeoForgeMod, net.neoforged.neoforge.common.OnlyInWarningsHandler, net.neoforged.neoforge.client.ClientNeoForgeMod]
[06ott2025 18:14:12.245] [modloading-worker-0/DEBUG] [net.neoforged.fml.javafmlmod.AutomaticEventSubscriber/LOADING]: Attempting to inject @EventBusSubscriber classes into the eventbus for expore
[06ott2025 18:14:12.246] [modloading-worker-0/DEBUG] [net.neoforged.fml.javafmlmod.AutomaticEventSubscriber/LOADING]: Scanning class com.blocklegend001.expore.datagen.DataGenerators for @SubscribeEvent-annotated methods
[06ott2025 18:14:12.247] [modloading-worker-0/DEBUG] [net.neoforged.neoforge.internal.versions.neoforge.NeoForgeVersion/CORE]: Found NeoForge version 21.9.14-beta
[06ott2025 18:14:12.247] [modloading-worker-0/INFO] [net.neoforged.neoforge.common.NeoForgeMod/NEOFORGE-MOD]: NeoForge mod loading, version 21.9.14-beta, for MC 1.21.9
[06ott2025 18:14:12.248] [modloading-worker-0/DEBUG] [net.neoforged.fml.javafmlmod.AutomaticEventSubscriber/LOADING]: Subscribing method public static void com.blocklegend001.expore.datagen.DataGenerators.gatherDara(net.neoforged.neoforge.data.event.GatherDataEvent$Client) to the event bus of mod expore
[06ott2025 18:14:12.264] [modloading-worker-0/DEBUG] [net.neoforged.fml.config.ConfigTracker/CONFIG]: Config file neoforge-server.toml for neoforge tracking
[06ott2025 18:14:12.266] [modloading-worker-0/DEBUG] [net.neoforged.fml.config.ConfigTracker/CONFIG]: Config file neoforge-common.toml for neoforge tracking
[06ott2025 18:14:12.311] [modloading-worker-0/DEBUG] [net.neoforged.fml.config.ConfigTracker/CONFIG]: Config file neoforge-client.toml for neoforge tracking
[06ott2025 18:14:12.326] [modloading-worker-0/DEBUG] [net.neoforged.fml.javafmlmod.AutomaticEventSubscriber/LOADING]: Attempting to inject @EventBusSubscriber classes into the eventbus for neoforge
[06ott2025 18:14:12.326] [modloading-worker-0/DEBUG] [net.neoforged.fml.javafmlmod.AutomaticEventSubscriber/LOADING]: Scanning class net.neoforged.neoforge.attachment.AttachmentInternals for @SubscribeEvent-annotated methods
[06ott2025 18:14:12.327] [modloading-worker-0/DEBUG] [net.neoforged.fml.javafmlmod.AutomaticEventSubscriber/LOADING]: Subscribing method public static void net.neoforged.neoforge.attachment.AttachmentInternals.onPlayerClone(net.neoforged.neoforge.event.entity.player.PlayerEvent$Clone) to the game event bus
[06ott2025 18:14:12.328] [modloading-worker-0/DEBUG] [net.neoforged.fml.javafmlmod.AutomaticEventSubscriber/LOADING]: Subscribing method public static void net.neoforged.neoforge.attachment.AttachmentInternals.onLivingConvert(net.neoforged.neoforge.event.entity.living.LivingConversionEvent$Post) to the game event bus
[06ott2025 18:14:12.329] [modloading-worker-0/DEBUG] [net.neoforged.fml.javafmlmod.AutomaticEventSubscriber/LOADING]: Scanning class net.neoforged.neoforge.attachment.AttachmentSync for @SubscribeEvent-annotated methods
[06ott2025 18:14:12.330] [modloading-worker-0/DEBUG] [net.neoforged.fml.javafmlmod.AutomaticEventSubscriber/LOADING]: Subscribing method public static void net.neoforged.neoforge.attachment.AttachmentSync.onChunkSent(net.neoforged.neoforge.event.level.ChunkWatchEvent$Sent) to the game event bus
[06ott2025 18:14:12.330] [modloading-worker-0/DEBUG] [net.neoforged.fml.javafmlmod.AutomaticEventSubscriber/LOADING]: Scanning class net.neoforged.neoforge.client.BlockEntityRenderBoundsDebugRenderer for @SubscribeEvent-annotated methods
[06ott2025 18:14:12.332] [modloading-worker-0/DEBUG] [net.neoforged.fml.javafmlmod.AutomaticEventSubscriber/LOADING]: Subscribing method public static void net.neoforged.neoforge.client.BlockEntityRenderBoundsDebugRenderer.onExtractLevelRenderState(net.neoforged.neoforge.client.event.ExtractLevelRenderStateEvent) to the game event bus
[06ott2025 18:14:12.333] [modloading-worker-0/DEBUG] [net.neoforged.fml.javafmlmod.AutomaticEventSubscriber/LOADING]: Subscribing method public static void net.neoforged.neoforge.client.BlockEntityRenderBoundsDebugRenderer.onRegisterClientCommands(net.neoforged.neoforge.client.event.RegisterClientCommandsEvent) to the game event bus
[06ott2025 18:14:12.333] [modloading-worker-0/DEBUG] [net.neoforged.fml.javafmlmod.AutomaticEventSubscriber/LOADING]: Subscribing method public static void net.neoforged.neoforge.client.BlockEntityRenderBoundsDebugRenderer.onRenderLevelStage(net.neoforged.neoforge.client.event.RenderLevelStageEvent$AfterEntities) to the game event bus
[06ott2025 18:14:12.333] [modloading-worker-0/DEBUG] [net.neoforged.fml.javafmlmod.AutomaticEventSubscriber/LOADING]: Scanning class net.neoforged.neoforge.client.NeoForgeRenderPipelines for @SubscribeEvent-annotated methods
[06ott2025 18:14:12.346] [modloading-worker-0/DEBUG] [net.neoforged.fml.javafmlmod.AutomaticEventSubscriber/LOADING]: Subscribing method static void net.neoforged.neoforge.client.NeoForgeRenderPipelines.registerPipelines(net.neoforged.neoforge.client.event.RegisterRenderPipelinesEvent) to the event bus of mod neoforge
[06ott2025 18:14:12.346] [modloading-worker-0/DEBUG] [net.neoforged.fml.javafmlmod.AutomaticEventSubscriber/LOADING]: Scanning class net.neoforged.neoforge.client.network.ClientPayloadHandler for @SubscribeEvent-annotated methods
[06ott2025 18:14:12.356] [modloading-worker-0/DEBUG] [net.neoforged.fml.javafmlmod.AutomaticEventSubscriber/LOADING]: Subscribing method private static void net.neoforged.neoforge.client.network.ClientPayloadHandler.register(net.neoforged.neoforge.client.network.event.RegisterClientPayloadHandlersEvent) to the event bus of mod neoforge
[06ott2025 18:14:12.356] [modloading-worker-0/DEBUG] [net.neoforged.fml.javafmlmod.AutomaticEventSubscriber/LOADING]: Scanning class net.neoforged.neoforge.common.MonsterRoomHooks for @SubscribeEvent-annotated methods
[06ott2025 18:14:12.357] [modloading-worker-0/DEBUG] [net.neoforged.fml.javafmlmod.AutomaticEventSubscriber/LOADING]: Subscribing method public static void net.neoforged.neoforge.common.MonsterRoomHooks.onDataMapsUpdated(net.neoforged.neoforge.registries.datamaps.DataMapsUpdatedEvent) to the game event bus
[06ott2025 18:14:12.357] [modloading-worker-0/DEBUG] [net.neoforged.fml.javafmlmod.AutomaticEventSubscriber/LOADING]: Scanning class net.neoforged.neoforge.model.data.ModelDataManager for @SubscribeEvent-annotated methods
[06ott2025 18:14:12.358] [modloading-worker-0/DEBUG] [net.neoforged.fml.javafmlmod.AutomaticEventSubscriber/LOADING]: Subscribing method public static void net.neoforged.neoforge.model.data.ModelDataManager.onChunkUnload(net.neoforged.neoforge.event.level.ChunkEvent$Unload) to the game event bus
[06ott2025 18:14:12.358] [modloading-worker-0/DEBUG] [net.neoforged.fml.javafmlmod.AutomaticEventSubscriber/LOADING]: Scanning class net.neoforged.neoforge.network.ConfigurationInitialization for @SubscribeEvent-annotated methods
[06ott2025 18:14:12.360] [modloading-worker-0/DEBUG] [net.neoforged.fml.javafmlmod.AutomaticEventSubscriber/LOADING]: Subscribing method private static void net.neoforged.neoforge.network.ConfigurationInitialization.configureModdedClient(net.neoforged.neoforge.network.event.RegisterConfigurationTasksEvent) to the event bus of mod neoforge
[06ott2025 18:14:12.360] [modloading-worker-0/DEBUG] [net.neoforged.fml.javafmlmod.AutomaticEventSubscriber/LOADING]: Scanning class net.neoforged.neoforge.network.NetworkInitialization for @SubscribeEvent-annotated methods
[06ott2025 18:14:12.360] [modloading-worker-0/DEBUG] [net.neoforged.fml.javafmlmod.AutomaticEventSubscriber/LOADING]: Subscribing method private static void net.neoforged.neoforge.network.NetworkInitialization.register(net.neoforged.neoforge.network.event.RegisterPayloadHandlersEvent) to the event bus of mod neoforge
[06ott2025 18:14:12.360] [modloading-worker-0/DEBUG] [net.neoforged.fml.javafmlmod.AutomaticEventSubscriber/LOADING]: Scanning class net.neoforged.neoforge.network.filters.GenericPacketSplitter for @SubscribeEvent-annotated methods
[06ott2025 18:14:12.376] [modloading-worker-0/DEBUG] [io.netty.buffer.AbstractByteBuf/]: -Dio.netty.buffer.checkAccessible: true
[06ott2025 18:14:12.376] [modloading-worker-0/DEBUG] [io.netty.buffer.AbstractByteBuf/]: -Dio.netty.buffer.checkBounds: true
[06ott2025 18:14:12.377] [modloading-worker-0/DEBUG] [io.netty.util.ResourceLeakDetectorFactory/]: Loaded default ResourceLeakDetector: io.netty.util.ResourceLeakDetector@4f30986f
[06ott2025 18:14:12.382] [modloading-worker-0/DEBUG] [io.netty.util.internal.InternalThreadLocalMap/]: -Dio.netty.threadLocalMap.stringBuilder.initialSize: 1024
[06ott2025 18:14:12.382] [modloading-worker-0/DEBUG] [io.netty.util.internal.InternalThreadLocalMap/]: -Dio.netty.threadLocalMap.stringBuilder.maxSize: 4096
[06ott2025 18:14:12.384] [modloading-worker-0/DEBUG] [io.netty.buffer.PooledByteBufAllocator/]: -Dio.netty.allocator.numHeapArenas: 32
[06ott2025 18:14:12.384] [modloading-worker-0/DEBUG] [io.netty.buffer.PooledByteBufAllocator/]: -Dio.netty.allocator.numDirectArenas: 32
[06ott2025 18:14:12.384] [modloading-worker-0/DEBUG] [io.netty.buffer.PooledByteBufAllocator/]: -Dio.netty.allocator.pageSize: 8192
[06ott2025 18:14:12.384] [modloading-worker-0/DEBUG] [io.netty.buffer.PooledByteBufAllocator/]: -Dio.netty.allocator.maxOrder: 9
[06ott2025 18:14:12.384] [modloading-worker-0/DEBUG] [io.netty.buffer.PooledByteBufAllocator/]: -Dio.netty.allocator.chunkSize: 4194304
[06ott2025 18:14:12.384] [modloading-worker-0/DEBUG] [io.netty.buffer.PooledByteBufAllocator/]: -Dio.netty.allocator.smallCacheSize: 256
[06ott2025 18:14:12.384] [modloading-worker-0/DEBUG] [io.netty.buffer.PooledByteBufAllocator/]: -Dio.netty.allocator.normalCacheSize: 64
[06ott2025 18:14:12.385] [modloading-worker-0/DEBUG] [io.netty.buffer.PooledByteBufAllocator/]: -Dio.netty.allocator.maxCachedBufferCapacity: 32768
[06ott2025 18:14:12.385] [modloading-worker-0/DEBUG] [io.netty.buffer.PooledByteBufAllocator/]: -Dio.netty.allocator.cacheTrimInterval: 8192
[06ott2025 18:14:12.385] [modloading-worker-0/DEBUG] [io.netty.buffer.PooledByteBufAllocator/]: -Dio.netty.allocator.cacheTrimIntervalMillis: 0
[06ott2025 18:14:12.385] [modloading-worker-0/DEBUG] [io.netty.buffer.PooledByteBufAllocator/]: -Dio.netty.allocator.useCacheForAllThreads: false
[06ott2025 18:14:12.385] [modloading-worker-0/DEBUG] [io.netty.buffer.PooledByteBufAllocator/]: -Dio.netty.allocator.maxCachedByteBuffersPerChunk: 1023
[06ott2025 18:14:12.385] [modloading-worker-0/DEBUG] [io.netty.buffer.PooledByteBufAllocator/]: -Dio.netty.allocator.disableCacheFinalizersForFastThreadLocalThreads: false
[06ott2025 18:14:12.390] [modloading-worker-0/DEBUG] [io.netty.buffer.ByteBufUtil/]: -Dio.netty.allocator.type: pooled
[06ott2025 18:14:12.390] [modloading-worker-0/DEBUG] [io.netty.buffer.ByteBufUtil/]: -Dio.netty.threadLocalDirectBufferSize: 0
[06ott2025 18:14:12.390] [modloading-worker-0/DEBUG] [io.netty.buffer.ByteBufUtil/]: -Dio.netty.maxThreadLocalCharBufferSize: 16384
[06ott2025 18:14:12.394] [modloading-worker-0/DEBUG] [net.neoforged.fml.javafmlmod.AutomaticEventSubscriber/LOADING]: Subscribing method private static void net.neoforged.neoforge.network.filters.GenericPacketSplitter.register(net.neoforged.neoforge.network.event.RegisterPayloadHandlersEvent) to the event bus of mod neoforge
[06ott2025 18:14:12.521] [modloading-sync-worker/DEBUG] [net.neoforged.fml.config.ConfigTracker/CONFIG]: Loading configs type CLIENT
[06ott2025 18:14:12.533] [modloading-sync-worker/WARN] [net.neoforged.fml.config.ConfigTracker/CONFIG]: Configuration file D:\Programmazione\Mod\Exp Ore\NEOFORGE\1.21.9\runs\client\config\neoforge-client.toml is not correct. Correcting
[06ott2025 18:14:12.544] [modloading-sync-worker/DEBUG] [net.neoforged.neoforge.common.NeoForgeMod/FORGEMOD]: Loaded NeoForge config file neoforge-client.toml
[06ott2025 18:14:12.544] [modloading-sync-worker/DEBUG] [net.neoforged.fml.config.ConfigTracker/CONFIG]: Loaded TOML config file D:\Programmazione\Mod\Exp Ore\NEOFORGE\1.21.9\runs\client\config\neoforge-client.toml
[06ott2025 18:14:12.549] [modloading-sync-worker/DEBUG] [net.neoforged.fml.config.ConfigTracker/CONFIG]: Watching TOML config file D:\Programmazione\Mod\Exp Ore\NEOFORGE\1.21.9\runs\client\config\neoforge-client.toml for changes
[06ott2025 18:14:12.549] [modloading-sync-worker/DEBUG] [net.neoforged.fml.config.ConfigTracker/CONFIG]: Loading configs type COMMON
[06ott2025 18:14:12.550] [modloading-sync-worker/DEBUG] [net.neoforged.neoforge.common.NeoForgeMod/FORGEMOD]: Loaded NeoForge config file neoforge-common.toml
[06ott2025 18:14:12.550] [modloading-sync-worker/DEBUG] [net.neoforged.fml.config.ConfigTracker/CONFIG]: Loaded TOML config file D:\Programmazione\Mod\Exp Ore\NEOFORGE\1.21.9\runs\client\config\neoforge-common.toml
[06ott2025 18:14:12.551] [modloading-sync-worker/DEBUG] [net.neoforged.fml.config.ConfigTracker/CONFIG]: Watching TOML config file D:\Programmazione\Mod\Exp Ore\NEOFORGE\1.21.9\runs\client\config\neoforge-common.toml for changes
[06ott2025 18:14:12.695] [Render thread/INFO] [com.mojang.authlib.yggdrasil.YggdrasilAuthenticationService/]: Environment: Environment[sessionHost=https://sessionserver.mojang.com, servicesHost=https://api.minecraftservices.com, profilesHost=https://api.mojang.com, name=PROD]
[06ott2025 18:14:12.715] [Render thread/INFO] [net.minecraft.client.Minecraft/]: Setting user: Dev
[06ott2025 18:14:12.828] [Render thread/INFO] [net.minecraft.client.Minecraft/]: Backend library: LWJGL version 3.3.3+5
[06ott2025 18:14:12.955] [Render thread/INFO] [net.minecraft.client.Minecraft/]: Using optional rendering extensions: GL_ARB_buffer_storage, GL_KHR_debug, GL_ARB_vertex_attrib_binding, GL_ARB_direct_state_access
[06ott2025 18:14:13.285] [Download-2/ERROR] [net.minecraft.client.Minecraft/]: Failed to fetch user properties
com.mojang.authlib.exceptions.InvalidCredentialsException: Status: 401
	at com.mojang.authlib.exceptions.MinecraftClientHttpException.toAuthenticationException(MinecraftClientHttpException.java:59) ~[authlib-7.0.61.jar:?]
	at com.mojang.authlib.yggdrasil.YggdrasilUserApiService.fetchProperties(YggdrasilUserApiService.java:150) ~[authlib-7.0.61.jar:?]
	at TRANSFORMER/minecraft@1.21.9/net.minecraft.client.Minecraft.lambda$new$1(Minecraft.java:437) ~[client-1.21.9-client-extra.jar:?]
	at java.base/java.util.concurrent.CompletableFuture$AsyncSupply.run(CompletableFuture.java:1768) ~[?:?]
	at java.base/java.util.concurrent.ThreadPoolExecutor.runWorker(ThreadPoolExecutor.java:1144) ~[?:?]
	at java.base/java.util.concurrent.ThreadPoolExecutor$Worker.run(ThreadPoolExecutor.java:642) ~[?:?]
	at java.base/java.lang.Thread.run(Thread.java:1583) [?:?]
Caused by: com.mojang.authlib.exceptions.MinecraftClientHttpException: Status: 401
	at com.mojang.authlib.minecraft.client.MinecraftClient.readInputStream(MinecraftClient.java:103) ~[authlib-7.0.61.jar:?]
	at com.mojang.authlib.minecraft.client.MinecraftClient.get(MinecraftClient.java:56) ~[authlib-7.0.61.jar:?]
	at com.mojang.authlib.yggdrasil.YggdrasilUserApiService.fetchProperties(YggdrasilUserApiService.java:121) ~[authlib-7.0.61.jar:?]
	... 5 more
[06ott2025 18:14:13.527] [Render thread/INFO] [net.minecraft.server.packs.resources.ReloadableResourceManager/]: Reloading ResourceManager: vanilla, mod_resources, mod/expore, mod/neoforge
[06ott2025 18:14:13.653] [Download-2/INFO] [com.mojang.realmsclient.client.RealmsClient/]: Could not authorize you against Realms server: java.lang.RuntimeException: Failed to parse into SignedJWT: 0
[06ott2025 18:14:13.656] [Download-2/ERROR] [com.mojang.realmsclient.client.RealmsClient/]: Failed to fetch Realms feature flags
com.mojang.realmsclient.exception.RealmsServiceException: Realms authentication error with message 'java.lang.RuntimeException: Failed to parse into SignedJWT: 0'
	at TRANSFORMER/minecraft@1.21.9/com.mojang.realmsclient.client.RealmsClient.execute(RealmsClient.java:522) ~[client-1.21.9-client-extra.jar:?]
	at TRANSFORMER/minecraft@1.21.9/com.mojang.realmsclient.client.RealmsClient.fetchFeatureFlags(RealmsClient.java:163) ~[client-1.21.9-client-extra.jar:?]
	at java.base/java.util.concurrent.CompletableFuture$AsyncSupply.run(CompletableFuture.java:1768) ~[?:?]
	at java.base/java.util.concurrent.ThreadPoolExecutor.runWorker(ThreadPoolExecutor.java:1144) ~[?:?]
	at java.base/java.util.concurrent.ThreadPoolExecutor$Worker.run(ThreadPoolExecutor.java:642) ~[?:?]
	at java.base/java.lang.Thread.run(Thread.java:1583) [?:?]
[06ott2025 18:14:13.802] [Render thread/DEBUG] [net.neoforged.fml.DeferredWorkQueue/LOADING]: Dispatching synchronous work for work queue Common setup: 1 jobs
[06ott2025 18:14:13.810] [Render thread/DEBUG] [net.neoforged.fml.DeferredWorkQueue/LOADING]: Synchronous work queue completed in 6.888 ms
[06ott2025 18:14:13.859] [resourceLoad/INFO] [net.minecraft.client.gui.font.providers.UnihexProvider/]: Found unifont_all_no_pua-15.1.05.hex, loading
[06ott2025 18:14:13.866] [resourceLoad/INFO] [net.minecraft.client.gui.font.providers.UnihexProvider/]: Found unifont_jp_patch-15.1.05.hex, loading
[06ott2025 18:14:15.031] [Render thread/ERROR] [net.minecraft.client.sounds.SoundManager/]: Missing subtitle translation{key='subtitles.block.trapdoor.toggle', args=[]} for sound event: minecraft:block.bamboo_wood_trapdoor.open
[06ott2025 18:14:15.031] [Render thread/ERROR] [net.minecraft.client.sounds.SoundManager/]: Missing subtitle translation{key='subtitles.entity.wolf.ambient', args=[]} for sound event: minecraft:entity.wolf.ambient
[06ott2025 18:14:15.032] [Render thread/ERROR] [net.minecraft.client.sounds.SoundManager/]: Missing subtitle translation{key='subtitles.block.iron_trapdoor.open', args=[]} for sound event: minecraft:block.iron_trapdoor.open
[06ott2025 18:14:15.032] [Render thread/ERROR] [net.minecraft.client.sounds.SoundManager/]: Missing subtitle translation{key='subtitles.block.iron_trapdoor.close', args=[]} for sound event: minecraft:block.iron_trapdoor.close
[06ott2025 18:14:15.032] [Render thread/ERROR] [net.minecraft.client.sounds.SoundManager/]: Missing subtitle translation{key='subtitles.entity.wolf.ambient', args=[]} for sound event: minecraft:entity.wolf.pant
[06ott2025 18:14:15.032] [Render thread/ERROR] [net.minecraft.client.sounds.SoundManager/]: Missing subtitle translation{key='subtitles.entity.wolf.ambient', args=[]} for sound event: minecraft:entity.wolf.whine
[06ott2025 18:14:15.032] [Render thread/ERROR] [net.minecraft.client.sounds.SoundManager/]: Missing subtitle translation{key='subtitles.block.trapdoor.toggle', args=[]} for sound event: minecraft:block.cherry_wood_trapdoor.open
[06ott2025 18:14:15.032] [Render thread/ERROR] [net.minecraft.client.sounds.SoundManager/]: Missing subtitle translation{key='subtitles.block.trapdoor.toggle', args=[]} for sound event: minecraft:block.cherry_wood_trapdoor.close
[06ott2025 18:14:15.032] [Render thread/ERROR] [net.minecraft.client.sounds.SoundManager/]: Missing subtitle translation{key='subtitles.ambient.cave', args=[]} for sound event: minecraft:ambient.cave
[06ott2025 18:14:15.032] [Render thread/ERROR] [net.minecraft.client.sounds.SoundManager/]: Missing subtitle translation{key='subtitles.block.trapdoor.toggle', args=[]} for sound event: minecraft:block.bamboo_wood_trapdoor.close
[06ott2025 18:14:15.032] [Render thread/ERROR] [net.minecraft.client.sounds.SoundManager/]: Missing subtitle translation{key='subtitles.block.trapdoor.toggle', args=[]} for sound event: minecraft:block.nether_wood_trapdoor.close
[06ott2025 18:14:15.032] [Render thread/ERROR] [net.minecraft.client.sounds.SoundManager/]: Missing subtitle translation{key='subtitles.block.trapdoor.toggle', args=[]} for sound event: minecraft:block.wooden_trapdoor.close
[06ott2025 18:14:15.032] [Render thread/ERROR] [net.minecraft.client.sounds.SoundManager/]: Missing subtitle translation{key='subtitles.block.trapdoor.toggle', args=[]} for sound event: minecraft:block.nether_wood_trapdoor.open
[06ott2025 18:14:15.032] [Render thread/ERROR] [net.minecraft.client.sounds.SoundManager/]: Missing subtitle translation{key='subtitles.block.trapdoor.toggle', args=[]} for sound event: minecraft:block.wooden_trapdoor.open
[06ott2025 18:14:15.033] [Render thread/WARN] [net.minecraft.client.sounds.SoundEngine/]: Missing sound for event: minecraft:item.armor.equip_copper
[06ott2025 18:14:15.033] [Render thread/WARN] [net.minecraft.client.sounds.SoundEngine/]: Missing sound for event: minecraft:ui.hud.bubble_pop
[06ott2025 18:14:15.033] [Render thread/WARN] [net.minecraft.client.sounds.SoundEngine/]: Missing sound for event: minecraft:block.cactus_flower.break
[06ott2025 18:14:15.033] [Render thread/WARN] [net.minecraft.client.sounds.SoundEngine/]: Missing sound for event: minecraft:block.cactus_flower.place
[06ott2025 18:14:15.033] [Render thread/WARN] [net.minecraft.client.sounds.SoundEngine/]: Missing sound for event: minecraft:block.copper_chest.close
[06ott2025 18:14:15.033] [Render thread/WARN] [net.minecraft.client.sounds.SoundEngine/]: Missing sound for event: minecraft:block.copper_chest.open
[06ott2025 18:14:15.033] [Render thread/WARN] [net.minecraft.client.sounds.SoundEngine/]: Missing sound for event: minecraft:block.copper_chest_weathered.close
[06ott2025 18:14:15.033] [Render thread/WARN] [net.minecraft.client.sounds.SoundEngine/]: Missing sound for event: minecraft:block.copper_chest_weathered.open
[06ott2025 18:14:15.033] [Render thread/WARN] [net.minecraft.client.sounds.SoundEngine/]: Missing sound for event: minecraft:block.copper_chest_oxidized.close
[06ott2025 18:14:15.033] [Render thread/WARN] [net.minecraft.client.sounds.SoundEngine/]: Missing sound for event: minecraft:block.copper_chest_oxidized.open
[06ott2025 18:14:15.033] [Render thread/WARN] [net.minecraft.client.sounds.SoundEngine/]: Missing sound for event: minecraft:entity.copper_golem.step
[06ott2025 18:14:15.033] [Render thread/WARN] [net.minecraft.client.sounds.SoundEngine/]: Missing sound for event: minecraft:entity.copper_golem.hurt
[06ott2025 18:14:15.033] [Render thread/WARN] [net.minecraft.client.sounds.SoundEngine/]: Missing sound for event: minecraft:entity.copper_golem.death
[06ott2025 18:14:15.033] [Render thread/WARN] [net.minecraft.client.sounds.SoundEngine/]: Missing sound for event: minecraft:entity.copper_golem_weathered.step
[06ott2025 18:14:15.033] [Render thread/WARN] [net.minecraft.client.sounds.SoundEngine/]: Missing sound for event: minecraft:entity.copper_golem_weathered.hurt
[06ott2025 18:14:15.033] [Render thread/WARN] [net.minecraft.client.sounds.SoundEngine/]: Missing sound for event: minecraft:entity.copper_golem_weathered.death
[06ott2025 18:14:15.033] [Render thread/WARN] [net.minecraft.client.sounds.SoundEngine/]: Missing sound for event: minecraft:entity.copper_golem_oxidized.step
[06ott2025 18:14:15.034] [Render thread/WARN] [net.minecraft.client.sounds.SoundEngine/]: Missing sound for event: minecraft:entity.copper_golem_oxidized.hurt
[06ott2025 18:14:15.034] [Render thread/WARN] [net.minecraft.client.sounds.SoundEngine/]: Missing sound for event: minecraft:entity.copper_golem_oxidized.death
[06ott2025 18:14:15.034] [Render thread/WARN] [net.minecraft.client.sounds.SoundEngine/]: Missing sound for event: minecraft:entity.copper_golem.spin
[06ott2025 18:14:15.034] [Render thread/WARN] [net.minecraft.client.sounds.SoundEngine/]: Missing sound for event: minecraft:entity.copper_golem_weathered.spin
[06ott2025 18:14:15.034] [Render thread/WARN] [net.minecraft.client.sounds.SoundEngine/]: Missing sound for event: minecraft:entity.copper_golem_oxidized.spin
[06ott2025 18:14:15.034] [Render thread/WARN] [net.minecraft.client.sounds.SoundEngine/]: Missing sound for event: minecraft:entity.copper_golem.no_item_get
[06ott2025 18:14:15.034] [Render thread/WARN] [net.minecraft.client.sounds.SoundEngine/]: Missing sound for event: minecraft:entity.copper_golem.no_item_no_get
[06ott2025 18:14:15.034] [Render thread/WARN] [net.minecraft.client.sounds.SoundEngine/]: Missing sound for event: minecraft:entity.copper_golem.item_drop
[06ott2025 18:14:15.034] [Render thread/WARN] [net.minecraft.client.sounds.SoundEngine/]: Missing sound for event: minecraft:entity.copper_golem.item_no_drop
[06ott2025 18:14:15.034] [Render thread/WARN] [net.minecraft.client.sounds.SoundEngine/]: Missing sound for event: minecraft:entity.copper_golem_become_statue
[06ott2025 18:14:15.034] [Render thread/WARN] [net.minecraft.client.sounds.SoundEngine/]: Missing sound for event: minecraft:block.copper_golem_statue.break
[06ott2025 18:14:15.034] [Render thread/WARN] [net.minecraft.client.sounds.SoundEngine/]: Missing sound for event: minecraft:block.copper_golem_statue.place
[06ott2025 18:14:15.034] [Render thread/WARN] [net.minecraft.client.sounds.SoundEngine/]: Missing sound for event: minecraft:block.copper_golem_statue.hit
[06ott2025 18:14:15.034] [Render thread/WARN] [net.minecraft.client.sounds.SoundEngine/]: Missing sound for event: minecraft:block.copper_golem_statue.step
[06ott2025 18:14:15.034] [Render thread/WARN] [net.minecraft.client.sounds.SoundEngine/]: Missing sound for event: minecraft:block.copper_golem_statue.fall
[06ott2025 18:14:15.034] [Render thread/WARN] [net.minecraft.client.sounds.SoundEngine/]: Missing sound for event: minecraft:entity.copper_golem.spawn
[06ott2025 18:14:15.034] [Render thread/WARN] [net.minecraft.client.sounds.SoundEngine/]: Missing sound for event: minecraft:entity.copper_golem.shear
[06ott2025 18:14:15.034] [Render thread/WARN] [net.minecraft.client.sounds.SoundEngine/]: Missing sound for event: minecraft:entity.creaking.ambient
[06ott2025 18:14:15.034] [Render thread/WARN] [net.minecraft.client.sounds.SoundEngine/]: Missing sound for event: minecraft:entity.creaking.activate
[06ott2025 18:14:15.034] [Render thread/WARN] [net.minecraft.client.sounds.SoundEngine/]: Missing sound for event: minecraft:entity.creaking.deactivate
[06ott2025 18:14:15.034] [Render thread/WARN] [net.minecraft.client.sounds.SoundEngine/]: Missing sound for event: minecraft:entity.creaking.attack
[06ott2025 18:14:15.034] [Render thread/WARN] [net.minecraft.client.sounds.SoundEngine/]: Missing sound for event: minecraft:entity.creaking.death
[06ott2025 18:14:15.034] [Render thread/WARN] [net.minecraft.client.sounds.SoundEngine/]: Missing sound for event: minecraft:entity.creaking.step
[06ott2025 18:14:15.034] [Render thread/WARN] [net.minecraft.client.sounds.SoundEngine/]: Missing sound for event: minecraft:entity.creaking.freeze
[06ott2025 18:14:15.034] [Render thread/WARN] [net.minecraft.client.sounds.SoundEngine/]: Missing sound for event: minecraft:entity.creaking.unfreeze
[06ott2025 18:14:15.034] [Render thread/WARN] [net.minecraft.client.sounds.SoundEngine/]: Missing sound for event: minecraft:entity.creaking.spawn
[06ott2025 18:14:15.034] [Render thread/WARN] [net.minecraft.client.sounds.SoundEngine/]: Missing sound for event: minecraft:entity.creaking.sway
[06ott2025 18:14:15.034] [Render thread/WARN] [net.minecraft.client.sounds.SoundEngine/]: Missing sound for event: minecraft:entity.creaking.twitch
[06ott2025 18:14:15.034] [Render thread/WARN] [net.minecraft.client.sounds.SoundEngine/]: Missing sound for event: minecraft:block.creaking_heart.break
[06ott2025 18:14:15.034] [Render thread/WARN] [net.minecraft.client.sounds.SoundEngine/]: Missing sound for event: minecraft:block.creaking_heart.fall
[06ott2025 18:14:15.034] [Render thread/WARN] [net.minecraft.client.sounds.SoundEngine/]: Missing sound for event: minecraft:block.creaking_heart.hit
[06ott2025 18:14:15.034] [Render thread/WARN] [net.minecraft.client.sounds.SoundEngine/]: Missing sound for event: minecraft:block.creaking_heart.hurt
[06ott2025 18:14:15.034] [Render thread/WARN] [net.minecraft.client.sounds.SoundEngine/]: Missing sound for event: minecraft:block.creaking_heart.place
[06ott2025 18:14:15.034] [Render thread/WARN] [net.minecraft.client.sounds.SoundEngine/]: Missing sound for event: minecraft:block.creaking_heart.step
[06ott2025 18:14:15.034] [Render thread/WARN] [net.minecraft.client.sounds.SoundEngine/]: Missing sound for event: minecraft:block.creaking_heart.idle
[06ott2025 18:14:15.035] [Render thread/WARN] [net.minecraft.client.sounds.SoundEngine/]: Missing sound for event: minecraft:block.creaking_heart.spawn
[06ott2025 18:14:15.035] [Render thread/WARN] [net.minecraft.client.sounds.SoundEngine/]: Missing sound for event: minecraft:block.deadbush.idle
[06ott2025 18:14:15.035] [Render thread/WARN] [net.minecraft.client.sounds.SoundEngine/]: Missing sound for event: minecraft:block.dried_ghast.break
[06ott2025 18:14:15.035] [Render thread/WARN] [net.minecraft.client.sounds.SoundEngine/]: Missing sound for event: minecraft:block.dried_ghast.step
[06ott2025 18:14:15.035] [Render thread/WARN] [net.minecraft.client.sounds.SoundEngine/]: Missing sound for event: minecraft:block.dried_ghast.fall
[06ott2025 18:14:15.035] [Render thread/WARN] [net.minecraft.client.sounds.SoundEngine/]: Missing sound for event: minecraft:block.dried_ghast.ambient
[06ott2025 18:14:15.035] [Render thread/WARN] [net.minecraft.client.sounds.SoundEngine/]: Missing sound for event: minecraft:block.dried_ghast.ambient_water
[06ott2025 18:14:15.035] [Render thread/WARN] [net.minecraft.client.sounds.SoundEngine/]: Missing sound for event: minecraft:block.dried_ghast.place
[06ott2025 18:14:15.035] [Render thread/WARN] [net.minecraft.client.sounds.SoundEngine/]: Missing sound for event: minecraft:block.dried_ghast.place_in_water
[06ott2025 18:14:15.035] [Render thread/WARN] [net.minecraft.client.sounds.SoundEngine/]: Missing sound for event: minecraft:block.dried_ghast.transition
[06ott2025 18:14:15.035] [Render thread/WARN] [net.minecraft.client.sounds.SoundEngine/]: Missing sound for event: minecraft:block.dry_grass.ambient
[06ott2025 18:14:15.035] [Render thread/WARN] [net.minecraft.client.sounds.SoundEngine/]: Missing sound for event: minecraft:block.eyeblossom.open_long
[06ott2025 18:14:15.035] [Render thread/WARN] [net.minecraft.client.sounds.SoundEngine/]: Missing sound for event: minecraft:block.eyeblossom.open
[06ott2025 18:14:15.035] [Render thread/WARN] [net.minecraft.client.sounds.SoundEngine/]: Missing sound for event: minecraft:block.eyeblossom.close_long
[06ott2025 18:14:15.035] [Render thread/WARN] [net.minecraft.client.sounds.SoundEngine/]: Missing sound for event: minecraft:block.eyeblossom.close
[06ott2025 18:14:15.035] [Render thread/WARN] [net.minecraft.client.sounds.SoundEngine/]: Missing sound for event: minecraft:block.eyeblossom.idle
[06ott2025 18:14:15.035] [Render thread/WARN] [net.minecraft.client.sounds.SoundEngine/]: Missing sound for event: minecraft:block.firefly_bush.idle
[06ott2025 18:14:15.035] [Render thread/WARN] [net.minecraft.client.sounds.SoundEngine/]: Missing sound for event: minecraft:entity.ghastling.ambient
[06ott2025 18:14:15.035] [Render thread/WARN] [net.minecraft.client.sounds.SoundEngine/]: Missing sound for event: minecraft:entity.ghastling.death
[06ott2025 18:14:15.035] [Render thread/WARN] [net.minecraft.client.sounds.SoundEngine/]: Missing sound for event: minecraft:entity.ghastling.hurt
[06ott2025 18:14:15.035] [Render thread/WARN] [net.minecraft.client.sounds.SoundEngine/]: Missing sound for event: minecraft:entity.ghastling.spawn
[06ott2025 18:14:15.035] [Render thread/WARN] [net.minecraft.client.sounds.SoundEngine/]: Missing sound for event: minecraft:entity.happy_ghast.ambient
[06ott2025 18:14:15.035] [Render thread/WARN] [net.minecraft.client.sounds.SoundEngine/]: Missing sound for event: minecraft:entity.happy_ghast.death
[06ott2025 18:14:15.035] [Render thread/WARN] [net.minecraft.client.sounds.SoundEngine/]: Missing sound for event: minecraft:entity.happy_ghast.hurt
[06ott2025 18:14:15.035] [Render thread/WARN] [net.minecraft.client.sounds.SoundEngine/]: Missing sound for event: minecraft:entity.happy_ghast.riding
[06ott2025 18:14:15.035] [Render thread/WARN] [net.minecraft.client.sounds.SoundEngine/]: Missing sound for event: minecraft:entity.happy_ghast.equip
[06ott2025 18:14:15.035] [Render thread/WARN] [net.minecraft.client.sounds.SoundEngine/]: Missing sound for event: minecraft:entity.happy_ghast.unequip
[06ott2025 18:14:15.035] [Render thread/WARN] [net.minecraft.client.sounds.SoundEngine/]: Missing sound for event: minecraft:entity.happy_ghast.harness_goggles_up
[06ott2025 18:14:15.035] [Render thread/WARN] [net.minecraft.client.sounds.SoundEngine/]: Missing sound for event: minecraft:entity.happy_ghast.harness_goggles_down
[06ott2025 18:14:15.035] [Render thread/WARN] [net.minecraft.client.sounds.SoundEngine/]: Missing sound for event: minecraft:item.horse_armor.unequip
[06ott2025 18:14:15.035] [Render thread/WARN] [net.minecraft.client.sounds.SoundEngine/]: Missing sound for event: minecraft:block.iron.break
[06ott2025 18:14:15.035] [Render thread/WARN] [net.minecraft.client.sounds.SoundEngine/]: Missing sound for event: minecraft:block.iron.step
[06ott2025 18:14:15.035] [Render thread/WARN] [net.minecraft.client.sounds.SoundEngine/]: Missing sound for event: minecraft:block.iron.place
[06ott2025 18:14:15.036] [Render thread/WARN] [net.minecraft.client.sounds.SoundEngine/]: Missing sound for event: minecraft:block.iron.hit
[06ott2025 18:14:15.036] [Render thread/WARN] [net.minecraft.client.sounds.SoundEngine/]: Missing sound for event: minecraft:block.iron.fall
[06ott2025 18:14:15.036] [Render thread/WARN] [net.minecraft.client.sounds.SoundEngine/]: Missing sound for event: minecraft:block.leaf_litter.break
[06ott2025 18:14:15.036] [Render thread/WARN] [net.minecraft.client.sounds.SoundEngine/]: Missing sound for event: minecraft:block.leaf_litter.step
[06ott2025 18:14:15.036] [Render thread/WARN] [net.minecraft.client.sounds.SoundEngine/]: Missing sound for event: minecraft:block.leaf_litter.place
[06ott2025 18:14:15.036] [Render thread/WARN] [net.minecraft.client.sounds.SoundEngine/]: Missing sound for event: minecraft:block.leaf_litter.hit
[06ott2025 18:14:15.036] [Render thread/WARN] [net.minecraft.client.sounds.SoundEngine/]: Missing sound for event: minecraft:block.leaf_litter.fall
[06ott2025 18:14:15.036] [Render thread/WARN] [net.minecraft.client.sounds.SoundEngine/]: Missing sound for event: minecraft:item.lead.untied
[06ott2025 18:14:15.036] [Render thread/WARN] [net.minecraft.client.sounds.SoundEngine/]: Missing sound for event: minecraft:item.lead.tied
[06ott2025 18:14:15.036] [Render thread/WARN] [net.minecraft.client.sounds.SoundEngine/]: Missing sound for event: minecraft:item.lead.break
[06ott2025 18:14:15.036] [Render thread/WARN] [net.minecraft.client.sounds.SoundEngine/]: Missing sound for event: minecraft:item.llama_carpet.unequip
[06ott2025 18:14:15.036] [Render thread/WARN] [net.minecraft.client.sounds.SoundEngine/]: Missing sound for event: minecraft:music_disc.lava_chicken
[06ott2025 18:14:15.036] [Render thread/WARN] [net.minecraft.client.sounds.SoundEngine/]: Missing sound for event: minecraft:music_disc.tears
[06ott2025 18:14:15.036] [Render thread/WARN] [net.minecraft.client.sounds.SoundEngine/]: Missing sound for event: minecraft:block.pale_hanging_moss.idle
[06ott2025 18:14:15.036] [Render thread/WARN] [net.minecraft.client.sounds.SoundEngine/]: Missing sound for event: minecraft:entity.parrot.imitate.creaking
[06ott2025 18:14:15.036] [Render thread/WARN] [net.minecraft.client.sounds.SoundEngine/]: Missing sound for event: minecraft:block.sand.idle
[06ott2025 18:14:15.036] [Render thread/WARN] [net.minecraft.client.sounds.SoundEngine/]: Missing sound for event: minecraft:item.shears.snip
[06ott2025 18:14:15.036] [Render thread/WARN] [net.minecraft.client.sounds.SoundEngine/]: Missing sound for event: minecraft:block.shelf.activate
[06ott2025 18:14:15.036] [Render thread/WARN] [net.minecraft.client.sounds.SoundEngine/]: Missing sound for event: minecraft:block.shelf.break
[06ott2025 18:14:15.036] [Render thread/WARN] [net.minecraft.client.sounds.SoundEngine/]: Missing sound for event: minecraft:block.shelf.deactivate
[06ott2025 18:14:15.036] [Render thread/WARN] [net.minecraft.client.sounds.SoundEngine/]: Missing sound for event: minecraft:block.shelf.fall
[06ott2025 18:14:15.036] [Render thread/WARN] [net.minecraft.client.sounds.SoundEngine/]: Missing sound for event: minecraft:block.shelf.hit
[06ott2025 18:14:15.036] [Render thread/WARN] [net.minecraft.client.sounds.SoundEngine/]: Missing sound for event: minecraft:block.shelf.multi_swap
[06ott2025 18:14:15.036] [Render thread/WARN] [net.minecraft.client.sounds.SoundEngine/]: Missing sound for event: minecraft:block.shelf.place
[06ott2025 18:14:15.036] [Render thread/WARN] [net.minecraft.client.sounds.SoundEngine/]: Missing sound for event: minecraft:block.shelf.place_item
[06ott2025 18:14:15.036] [Render thread/WARN] [net.minecraft.client.sounds.SoundEngine/]: Missing sound for event: minecraft:block.shelf.single_swap
[06ott2025 18:14:15.036] [Render thread/WARN] [net.minecraft.client.sounds.SoundEngine/]: Missing sound for event: minecraft:block.shelf.step
[06ott2025 18:14:15.036] [Render thread/WARN] [net.minecraft.client.sounds.SoundEngine/]: Missing sound for event: minecraft:block.shelf.take_item
[06ott2025 18:14:15.036] [Render thread/WARN] [net.minecraft.client.sounds.SoundEngine/]: Missing sound for event: minecraft:block.spawner.fall
[06ott2025 18:14:15.036] [Render thread/WARN] [net.minecraft.client.sounds.SoundEngine/]: Missing sound for event: minecraft:block.resin.break
[06ott2025 18:14:15.036] [Render thread/WARN] [net.minecraft.client.sounds.SoundEngine/]: Missing sound for event: minecraft:block.resin.fall
[06ott2025 18:14:15.036] [Render thread/WARN] [net.minecraft.client.sounds.SoundEngine/]: Missing sound for event: minecraft:block.resin.place
[06ott2025 18:14:15.036] [Render thread/WARN] [net.minecraft.client.sounds.SoundEngine/]: Missing sound for event: minecraft:block.resin.step
[06ott2025 18:14:15.036] [Render thread/WARN] [net.minecraft.client.sounds.SoundEngine/]: Missing sound for event: minecraft:block.resin_bricks.break
[06ott2025 18:14:15.036] [Render thread/WARN] [net.minecraft.client.sounds.SoundEngine/]: Missing sound for event: minecraft:block.resin_bricks.fall
[06ott2025 18:14:15.036] [Render thread/WARN] [net.minecraft.client.sounds.SoundEngine/]: Missing sound for event: minecraft:block.resin_bricks.hit
[06ott2025 18:14:15.036] [Render thread/WARN] [net.minecraft.client.sounds.SoundEngine/]: Missing sound for event: minecraft:block.resin_bricks.place
[06ott2025 18:14:15.036] [Render thread/WARN] [net.minecraft.client.sounds.SoundEngine/]: Missing sound for event: minecraft:block.resin_bricks.step
[06ott2025 18:14:15.037] [Render thread/WARN] [net.minecraft.client.sounds.SoundEngine/]: Missing sound for event: minecraft:weather.end_flash
[06ott2025 18:14:15.037] [Render thread/WARN] [net.minecraft.client.sounds.SoundEngine/]: Missing sound for event: minecraft:entity.wolf_puglin.ambient
[06ott2025 18:14:15.037] [Render thread/WARN] [net.minecraft.client.sounds.SoundEngine/]: Missing sound for event: minecraft:entity.wolf_puglin.death
[06ott2025 18:14:15.037] [Render thread/WARN] [net.minecraft.client.sounds.SoundEngine/]: Missing sound for event: minecraft:entity.wolf_puglin.growl
[06ott2025 18:14:15.037] [Render thread/WARN] [net.minecraft.client.sounds.SoundEngine/]: Missing sound for event: minecraft:entity.wolf_puglin.hurt
[06ott2025 18:14:15.037] [Render thread/WARN] [net.minecraft.client.sounds.SoundEngine/]: Missing sound for event: minecraft:entity.wolf_puglin.pant
[06ott2025 18:14:15.037] [Render thread/WARN] [net.minecraft.client.sounds.SoundEngine/]: Missing sound for event: minecraft:entity.wolf_puglin.whine
[06ott2025 18:14:15.037] [Render thread/WARN] [net.minecraft.client.sounds.SoundEngine/]: Missing sound for event: minecraft:entity.wolf_sad.ambient
[06ott2025 18:14:15.037] [Render thread/WARN] [net.minecraft.client.sounds.SoundEngine/]: Missing sound for event: minecraft:entity.wolf_sad.death
[06ott2025 18:14:15.037] [Render thread/WARN] [net.minecraft.client.sounds.SoundEngine/]: Missing sound for event: minecraft:entity.wolf_sad.growl
[06ott2025 18:14:15.037] [Render thread/WARN] [net.minecraft.client.sounds.SoundEngine/]: Missing sound for event: minecraft:entity.wolf_sad.hurt
[06ott2025 18:14:15.037] [Render thread/WARN] [net.minecraft.client.sounds.SoundEngine/]: Missing sound for event: minecraft:entity.wolf_sad.pant
[06ott2025 18:14:15.037] [Render thread/WARN] [net.minecraft.client.sounds.SoundEngine/]: Missing sound for event: minecraft:entity.wolf_sad.whine
[06ott2025 18:14:15.037] [Render thread/WARN] [net.minecraft.client.sounds.SoundEngine/]: Missing sound for event: minecraft:entity.wolf_angry.ambient
[06ott2025 18:14:15.037] [Render thread/WARN] [net.minecraft.client.sounds.SoundEngine/]: Missing sound for event: minecraft:entity.wolf_angry.death
[06ott2025 18:14:15.037] [Render thread/WARN] [net.minecraft.client.sounds.SoundEngine/]: Missing sound for event: minecraft:entity.wolf_angry.growl
[06ott2025 18:14:15.037] [Render thread/WARN] [net.minecraft.client.sounds.SoundEngine/]: Missing sound for event: minecraft:entity.wolf_angry.hurt
[06ott2025 18:14:15.037] [Render thread/WARN] [net.minecraft.client.sounds.SoundEngine/]: Missing sound for event: minecraft:entity.wolf_angry.pant
[06ott2025 18:14:15.037] [Render thread/WARN] [net.minecraft.client.sounds.SoundEngine/]: Missing sound for event: minecraft:entity.wolf_angry.whine
[06ott2025 18:14:15.037] [Render thread/WARN] [net.minecraft.client.sounds.SoundEngine/]: Missing sound for event: minecraft:entity.wolf_grumpy.ambient
[06ott2025 18:14:15.037] [Render thread/WARN] [net.minecraft.client.sounds.SoundEngine/]: Missing sound for event: minecraft:entity.wolf_grumpy.death
[06ott2025 18:14:15.037] [Render thread/WARN] [net.minecraft.client.sounds.SoundEngine/]: Missing sound for event: minecraft:entity.wolf_grumpy.growl
[06ott2025 18:14:15.037] [Render thread/WARN] [net.minecraft.client.sounds.SoundEngine/]: Missing sound for event: minecraft:entity.wolf_grumpy.hurt
[06ott2025 18:14:15.037] [Render thread/WARN] [net.minecraft.client.sounds.SoundEngine/]: Missing sound for event: minecraft:entity.wolf_grumpy.pant
[06ott2025 18:14:15.037] [Render thread/WARN] [net.minecraft.client.sounds.SoundEngine/]: Missing sound for event: minecraft:entity.wolf_grumpy.whine
[06ott2025 18:14:15.037] [Render thread/WARN] [net.minecraft.client.sounds.SoundEngine/]: Missing sound for event: minecraft:entity.wolf_big.ambient
[06ott2025 18:14:15.037] [Render thread/WARN] [net.minecraft.client.sounds.SoundEngine/]: Missing sound for event: minecraft:entity.wolf_big.death
[06ott2025 18:14:15.037] [Render thread/WARN] [net.minecraft.client.sounds.SoundEngine/]: Missing sound for event: minecraft:entity.wolf_big.growl
[06ott2025 18:14:15.037] [Render thread/WARN] [net.minecraft.client.sounds.SoundEngine/]: Missing sound for event: minecraft:entity.wolf_big.hurt
[06ott2025 18:14:15.037] [Render thread/WARN] [net.minecraft.client.sounds.SoundEngine/]: Missing sound for event: minecraft:entity.wolf_big.pant
[06ott2025 18:14:15.037] [Render thread/WARN] [net.minecraft.client.sounds.SoundEngine/]: Missing sound for event: minecraft:entity.wolf_big.whine
[06ott2025 18:14:15.037] [Render thread/WARN] [net.minecraft.client.sounds.SoundEngine/]: Missing sound for event: minecraft:entity.wolf_cute.ambient
[06ott2025 18:14:15.037] [Render thread/WARN] [net.minecraft.client.sounds.SoundEngine/]: Missing sound for event: minecraft:entity.wolf_cute.death
[06ott2025 18:14:15.037] [Render thread/WARN] [net.minecraft.client.sounds.SoundEngine/]: Missing sound for event: minecraft:entity.wolf_cute.growl
[06ott2025 18:14:15.037] [Render thread/WARN] [net.minecraft.client.sounds.SoundEngine/]: Missing sound for event: minecraft:entity.wolf_cute.hurt
[06ott2025 18:14:15.037] [Render thread/WARN] [net.minecraft.client.sounds.SoundEngine/]: Missing sound for event: minecraft:entity.wolf_cute.pant
[06ott2025 18:14:15.037] [Render thread/WARN] [net.minecraft.client.sounds.SoundEngine/]: Missing sound for event: minecraft:entity.wolf_cute.whine
[06ott2025 18:14:15.037] [Render thread/WARN] [net.minecraft.client.sounds.SoundEngine/]: Missing sound for event: minecraft:item.saddle.unequip
[06ott2025 18:14:15.107] [Render thread/INFO] [com.mojang.blaze3d.audio.Library/]: OpenAL initialized on device OpenAL Soft on Altoparlanti (Maonocaster G1 Neo)
[06ott2025 18:14:15.108] [Render thread/INFO] [net.minecraft.client.sounds.SoundEngine/SOUNDS]: Sound engine started
[06ott2025 18:14:15.108] [Render thread/INFO] [net.minecraft.client.renderer.texture.TextureAtlas/]: Created: 512x256x0 minecraft:textures/atlas/particles.png-atlas
[06ott2025 18:14:15.120] [Render thread/INFO] [net.minecraft.client.renderer.texture.TextureAtlas/]: Created: 128x64x0 minecraft:textures/atlas/decorated_pot.png-atlas
[06ott2025 18:14:15.121] [Render thread/INFO] [net.minecraft.client.renderer.texture.TextureAtlas/]: Created: 2048x1024x0 minecraft:textures/atlas/armor_trims.png-atlas
[06ott2025 18:14:15.149] [Render thread/INFO] [net.minecraft.client.renderer.texture.TextureAtlas/]: Created: 512x256x0 minecraft:textures/atlas/paintings.png-atlas
[06ott2025 18:14:15.152] [Render thread/INFO] [net.minecraft.client.renderer.texture.TextureAtlas/]: Created: 512x512x0 minecraft:textures/atlas/shield_patterns.png-atlas
[06ott2025 18:14:15.156] [Render thread/INFO] [net.minecraft.client.renderer.texture.TextureAtlas/]: Created: 1024x512x4 minecraft:textures/atlas/blocks.png-atlas
[06ott2025 18:14:15.243] [Render thread/INFO] [net.minecraft.client.renderer.texture.TextureAtlas/]: Created: 512x256x0 minecraft:textures/atlas/chest.png-atlas
[06ott2025 18:14:15.247] [Render thread/INFO] [net.minecraft.client.renderer.texture.TextureAtlas/]: Created: 512x512x0 minecraft:textures/atlas/banner_patterns.png-atlas
[06ott2025 18:14:15.255] [Render thread/INFO] [net.minecraft.client.renderer.texture.TextureAtlas/]: Created: 512x256x0 minecraft:textures/atlas/beds.png-atlas
[06ott2025 18:14:15.258] [Render thread/INFO] [net.minecraft.client.renderer.texture.TextureAtlas/]: Created: 1024x512x0 minecraft:textures/atlas/gui.png-atlas
[06ott2025 18:14:15.300] [Render thread/INFO] [net.minecraft.client.renderer.texture.TextureAtlas/]: Created: 64x64x0 minecraft:textures/atlas/map_decorations.png-atlas
[06ott2025 18:14:15.304] [Render thread/INFO] [net.minecraft.client.renderer.texture.TextureAtlas/]: Created: 256x256x0 minecraft:textures/atlas/signs.png-atlas
[06ott2025 18:14:15.308] [Render thread/INFO] [net.minecraft.client.renderer.texture.TextureAtlas/]: Created: 512x256x0 minecraft:textures/atlas/shulker_boxes.png-atlas
[06ott2025 18:14:15.408] [Render thread/INFO] [net.neoforged.neoforge.client.entity.animation.json.AnimationLoader/]: Loaded 0 entity animations
[06ott2025 18:14:15.561] [Render thread/DEBUG] [net.neoforged.fml.classloading.transformation.ClassTransformStatistics/]: Transformed/total loaded classes: 387/6990 (5,54%) and 5 parsed for mixin
[06ott2025 18:14:15.700] [IO-Worker-1/INFO] [com.mojang.realmsclient.client.RealmsClient/]: Could not authorize you against Realms server: java.lang.RuntimeException: Failed to parse into SignedJWT: 0
[06ott2025 18:14:15.700] [IO-Worker-1/ERROR] [com.mojang.realmsclient.RealmsAvailability/]: Couldn't connect to realms
com.mojang.realmsclient.exception.RealmsServiceException: Realms authentication error with message 'java.lang.RuntimeException: Failed to parse into SignedJWT: 0'
	at TRANSFORMER/minecraft@1.21.9/com.mojang.realmsclient.client.RealmsClient.execute(RealmsClient.java:522) ~[client-1.21.9-client-extra.jar:?]
	at TRANSFORMER/minecraft@1.21.9/com.mojang.realmsclient.client.RealmsClient.clientCompatible(RealmsClient.java:292) ~[client-1.21.9-client-extra.jar:?]
	at TRANSFORMER/minecraft@1.21.9/com.mojang.realmsclient.RealmsAvailability.lambda$check$0(RealmsAvailability.java:51) ~[client-1.21.9-client-extra.jar:?]
	at java.base/java.util.concurrent.CompletableFuture$AsyncSupply.run(CompletableFuture.java:1768) ~[?:?]
	at java.base/java.util.concurrent.ThreadPoolExecutor.runWorker(ThreadPoolExecutor.java:1144) ~[?:?]
	at java.base/java.util.concurrent.ThreadPoolExecutor$Worker.run(ThreadPoolExecutor.java:642) ~[?:?]
	at java.base/java.lang.Thread.run(Thread.java:1583) [?:?]
[06ott2025 18:14:20.226] [Render thread/DEBUG] [net.neoforged.fml.classloading.transformation.ClassTransformStatistics/]: Transformed/total loaded classes: 389/7080 (5,49%) and 5 parsed for mixin
[06ott2025 18:14:20.235] [Render thread/INFO] [net.minecraft.client.Minecraft/]: Stopping!
